Archive member included to satisfy reference by file (symbol)

C:/NXP/MCUXpressoIDE_24.12.148/ide/tools/bin/../lib/gcc/arm-none-eabi/13.2.1/thumb/v6-m/nofp\libgcc.a(_udivsi3.o)
                              CMakeFiles/new_project.elf.dir/C_/Users/DELL/Documents/GitHub/curso-lse/workspace_lpc845/sdks/03_light_control_sdk/devices/LPC845/system_LPC845.c.obj (__aeabi_uidiv)
C:/NXP/MCUXpressoIDE_24.12.148/ide/tools/bin/../lib/gcc/arm-none-eabi/13.2.1/thumb/v6-m/nofp\libgcc.a(_dvmd_tls.o)
                              C:/NXP/MCUXpressoIDE_24.12.148/ide/tools/bin/../lib/gcc/arm-none-eabi/13.2.1/thumb/v6-m/nofp\libgcc.a(_udivsi3.o) (__aeabi_idiv0)
C:/NXP/MCUXpressoIDE_24.12.148/ide/tools/bin/../lib/gcc/arm-none-eabi/13.2.1/thumb/v6-m/nofp\libgcc.a(_aeabi_uldivmod.o)
                              CMakeFiles/new_project.elf.dir/C_/Users/DELL/Documents/GitHub/curso-lse/workspace_lpc845/sdks/03_light_control_sdk/devices/LPC845/drivers/fsl_clock.c.obj (__aeabi_uldivmod)
C:/NXP/MCUXpressoIDE_24.12.148/ide/tools/bin/../lib/gcc/arm-none-eabi/13.2.1/thumb/v6-m/nofp\libgcc.a(_muldi3.o)
                              CMakeFiles/new_project.elf.dir/C_/Users/DELL/Documents/GitHub/curso-lse/workspace_lpc845/sdks/03_light_control_sdk/devices/LPC845/drivers/fsl_common_arm.c.obj (__aeabi_lmul)
C:/NXP/MCUXpressoIDE_24.12.148/ide/tools/bin/../lib/gcc/arm-none-eabi/13.2.1/thumb/v6-m/nofp\libgcc.a(_fixunssfsi.o)
                              CMakeFiles/new_project.elf.dir/C_/Users/DELL/Documents/GitHub/curso-lse/workspace_lpc845/03_light_control/main.c.obj (__aeabi_f2uiz)
C:/NXP/MCUXpressoIDE_24.12.148/ide/tools/bin/../lib/gcc/arm-none-eabi/13.2.1/thumb/v6-m/nofp\libgcc.a(_udivmoddi4.o)
                              C:/NXP/MCUXpressoIDE_24.12.148/ide/tools/bin/../lib/gcc/arm-none-eabi/13.2.1/thumb/v6-m/nofp\libgcc.a(_aeabi_uldivmod.o) (__udivmoddi4)
C:/NXP/MCUXpressoIDE_24.12.148/ide/tools/bin/../lib/gcc/arm-none-eabi/13.2.1/thumb/v6-m/nofp\libgcc.a(subsf3.o)
                              C:/NXP/MCUXpressoIDE_24.12.148/ide/tools/bin/../lib/gcc/arm-none-eabi/13.2.1/thumb/v6-m/nofp\libgcc.a(_fixunssfsi.o) (__aeabi_fsub)
C:/NXP/MCUXpressoIDE_24.12.148/ide/tools/bin/../lib/gcc/arm-none-eabi/13.2.1/thumb/v6-m/nofp\libgcc.a(fixsfsi.o)
                              C:/NXP/MCUXpressoIDE_24.12.148/ide/tools/bin/../lib/gcc/arm-none-eabi/13.2.1/thumb/v6-m/nofp\libgcc.a(_fixunssfsi.o) (__aeabi_f2iz)
C:/NXP/MCUXpressoIDE_24.12.148/ide/tools/bin/../lib/gcc/arm-none-eabi/13.2.1/thumb/v6-m/nofp\libgcc.a(divdf3.o)
                              CMakeFiles/new_project.elf.dir/C_/Users/DELL/Documents/GitHub/curso-lse/workspace_lpc845/03_light_control/main.c.obj (__aeabi_ddiv)
C:/NXP/MCUXpressoIDE_24.12.148/ide/tools/bin/../lib/gcc/arm-none-eabi/13.2.1/thumb/v6-m/nofp\libgcc.a(floatsidf.o)
                              CMakeFiles/new_project.elf.dir/C_/Users/DELL/Documents/GitHub/curso-lse/workspace_lpc845/03_light_control/main.c.obj (__aeabi_i2d)
C:/NXP/MCUXpressoIDE_24.12.148/ide/tools/bin/../lib/gcc/arm-none-eabi/13.2.1/thumb/v6-m/nofp\libgcc.a(truncdfsf2.o)
                              CMakeFiles/new_project.elf.dir/C_/Users/DELL/Documents/GitHub/curso-lse/workspace_lpc845/03_light_control/main.c.obj (__aeabi_d2f)
C:/NXP/MCUXpressoIDE_24.12.148/ide/tools/bin/../lib/gcc/arm-none-eabi/13.2.1/thumb/v6-m/nofp\libgcc.a(_arm_cmpsf2.o)
                              C:/NXP/MCUXpressoIDE_24.12.148/ide/tools/bin/../lib/gcc/arm-none-eabi/13.2.1/thumb/v6-m/nofp\libgcc.a(_fixunssfsi.o) (__aeabi_fcmpge)
C:/NXP/MCUXpressoIDE_24.12.148/ide/tools/bin/../lib/gcc/arm-none-eabi/13.2.1/thumb/v6-m/nofp\libgcc.a(_clzsi2.o)
                              C:/NXP/MCUXpressoIDE_24.12.148/ide/tools/bin/../lib/gcc/arm-none-eabi/13.2.1/thumb/v6-m/nofp\libgcc.a(subsf3.o) (__clzsi2)
C:/NXP/MCUXpressoIDE_24.12.148/ide/tools/bin/../lib/gcc/arm-none-eabi/13.2.1/thumb/v6-m/nofp\libgcc.a(_clzdi2.o)
                              C:/NXP/MCUXpressoIDE_24.12.148/ide/tools/bin/../lib/gcc/arm-none-eabi/13.2.1/thumb/v6-m/nofp\libgcc.a(_udivmoddi4.o) (__clzdi2)
C:/NXP/MCUXpressoIDE_24.12.148/ide/tools/bin/../lib/gcc/arm-none-eabi/13.2.1/thumb/v6-m/nofp\libgcc.a(eqsf2.o)
                              C:/NXP/MCUXpressoIDE_24.12.148/ide/tools/bin/../lib/gcc/arm-none-eabi/13.2.1/thumb/v6-m/nofp\libgcc.a(_arm_cmpsf2.o) (__eqsf2)
C:/NXP/MCUXpressoIDE_24.12.148/ide/tools/bin/../lib/gcc/arm-none-eabi/13.2.1/thumb/v6-m/nofp\libgcc.a(gesf2.o)
                              C:/NXP/MCUXpressoIDE_24.12.148/ide/tools/bin/../lib/gcc/arm-none-eabi/13.2.1/thumb/v6-m/nofp\libgcc.a(_arm_cmpsf2.o) (__gesf2)
C:/NXP/MCUXpressoIDE_24.12.148/ide/tools/bin/../lib/gcc/arm-none-eabi/13.2.1/thumb/v6-m/nofp\libgcc.a(lesf2.o)
                              C:/NXP/MCUXpressoIDE_24.12.148/ide/tools/bin/../lib/gcc/arm-none-eabi/13.2.1/thumb/v6-m/nofp\libgcc.a(_arm_cmpsf2.o) (__lesf2)
C:/NXP/MCUXpressoIDE_24.12.148/ide/tools/bin/../lib/gcc/arm-none-eabi/13.2.1/thumb/v6-m/nofp\libc_nano.a(libc_a-exit.o)
[...]
Memory Configuration

Name             Origin             Length             Attributes
m_interrupts     0x00000000         0x00000200         xr
m_crp            0x000002fc         0x00000004         xr
m_text           0x00000300         0x0000fd00         xr
m_data           0x10000000         0x00003fe0         rw
*default*        0x00000000         0xffffffff

Linker script and memory map

LOAD C:/NXP/MCUXpressoIDE_24.12.148/ide/tools/bin/../lib/gcc/arm-none-eabi/13.2.1/thumb/v6-m/nofp/crti.o
LOAD C:/NXP/MCUXpressoIDE_24.12.148/ide/tools/bin/../lib/gcc/arm-none-eabi/13.2.1/thumb/v6-m/nofp/crtbegin.o
LOAD C:/NXP/MCUXpressoIDE_24.12.148/ide/tools/bin/../lib/gcc/arm-none-eabi/13.2.1/thumb/v6-m/nofp/crt0.o
LOAD CMakeFiles/new_project.elf.dir/C_/Users/DELL/Documents/GitHub/curso-lse/workspace_lpc845/03_light_control/main.c.obj
LOAD CMakeFiles/new_project.elf.dir/C_/Users/DELL/Documents/GitHub/curso-lse/workspace_lpc845/03_light_control/peripherals.c.obj
LOAD CMakeFiles/new_project.elf.dir/C_/Users/DELL/Documents/GitHub/curso-lse/workspace_lpc845/03_light_control/pin_mux.c.obj
LOAD CMakeFiles/new_project.elf.dir/C_/Users/DELL/Documents/GitHub/curso-lse/workspace_lpc845/03_light_control/board.c.obj
LOAD CMakeFiles/new_project.elf.dir/C_/Users/DELL/Documents/GitHub/curso-lse/workspace_lpc845/03_light_control/clock_config.c.obj
LOAD CMakeFiles/new_project.elf.dir/C_/Users/DELL/Documents/GitHub/curso-lse/workspace_lpc845/03_light_control/hardware_init.c.obj
LOAD CMakeFiles/new_project.elf.dir/C_/Users/DELL/Documents/GitHub/curso-lse/workspace_lpc845/sdks/03_light_control_sdk/components/uart/fsl_adapter_miniusart.c.obj
LOAD CMakeFiles/new_project.elf.dir/C_/Users/DELL/Documents/GitHub/curso-lse/workspace_lpc845/sdks/03_light_control_sdk/devices/LPC845/gcc/startup_LPC845.S.obj
LOAD CMakeFiles/new_project.elf.dir/C_/Users/DELL/Documents/GitHub/curso-lse/workspace_lpc845/sdks/03_light_control_sdk/devices/LPC845/system_LPC845.c.obj
LOAD CMakeFiles/new_project.elf.dir/C_/Users/DELL/Documents/GitHub/curso-lse/workspace_lpc845/sdks/03_light_control_sdk/devices/LPC845/drivers/fsl_clock.c.obj
LOAD CMakeFiles/new_project.elf.dir/C_/Users/DELL/Documents/GitHub/curso-lse/workspace_lpc845/sdks/03_light_control_sdk/devices/LPC845/drivers/fsl_common.c.obj
LOAD CMakeFiles/new_project.elf.dir/C_/Users/DELL/Documents/GitHub/curso-lse/workspace_lpc845/sdks/03_light_control_sdk/devices/LPC845/drivers/fsl_common_arm.c.obj
LOAD CMakeFiles/new_project.elf.dir/C_/Users/DELL/Documents/GitHub/curso-lse/workspace_lpc845/sdks/03_light_control_sdk/devices/LPC845/drivers/fsl_inputmux.c.obj
LOAD CMakeFiles/new_project.elf.dir/C_/Users/DELL/Documents/GitHub/curso-lse/workspace_lpc845/sdks/03_light_control_sdk/devices/LPC845/drivers/fsl_gpio.c.obj
LOAD CMakeFiles/new_project.elf.dir/C_/Users/DELL/Documents/GitHub/curso-lse/workspace_lpc845/sdks/03_light_control_sdk/devices/LPC845/drivers/fsl_i2c.c.obj
LOAD CMakeFiles/new_project.elf.dir/C_/Users/DELL/Documents/GitHub/curso-lse/workspace_lpc845/sdks/03_light_control_sdk/devices/LPC845/drivers/fsl_usart.c.obj
LOAD CMakeFiles/new_project.elf.dir/C_/Users/DELL/Documents/GitHub/curso-lse/workspace_lpc845/sdks/03_light_control_sdk/devices/LPC845/drivers/fsl_power.c.obj
LOAD CMakeFiles/new_project.elf.dir/C_/Users/DELL/Documents/GitHub/curso-lse/workspace_lpc845/sdks/03_light_control_sdk/devices/LPC845/drivers/fsl_reset.c.obj
LOAD CMakeFiles/new_project.elf.dir/C_/Users/DELL/Documents/GitHub/curso-lse/workspace_lpc845/sdks/03_light_control_sdk/devices/LPC845/drivers/fsl_sctimer.c.obj
LOAD CMakeFiles/new_project.elf.dir/C_/Users/DELL/Documents/GitHub/curso-lse/workspace_lpc845/sdks/03_light_control_sdk/devices/LPC845/drivers/fsl_swm.c.obj
LOAD CMakeFiles/new_project.elf.dir/C_/Users/DELL/Documents/GitHub/curso-lse/workspace_lpc845/sdks/03_light_control_sdk/devices/LPC845/drivers/fsl_syscon.c.obj
LOAD CMakeFiles/new_project.elf.dir/54eea38b70e2d9b4eb4b02914951f7aa/workspace_lpc845/sdks/03_light_control_sdk/devices/LPC845/utilities/fsl_syscall_stub.c.obj
LOAD CMakeFiles/new_project.elf.dir/C_/Users/DELL/Documents/GitHub/curso-lse/workspace_lpc845/sdks/03_light_control_sdk/devices/LPC845/utilities/fsl_sbrk.c.obj
LOAD CMakeFiles/new_project.elf.dir/c4d37973eab7134fad37f7aaf6cab87f/sdks/03_light_control_sdk/devices/LPC845/utilities/debug_console_lite/fsl_assert.c.obj
LOAD CMakeFiles/new_project.elf.dir/c4d37973eab7134fad37f7aaf6cab87f/sdks/03_light_control_sdk/devices/LPC845/utilities/debug_console_lite/fsl_debug_console.c.obj
LOAD CMakeFiles/new_project.elf.dir/C_/Users/DELL/Documents/GitHub/curso-lse/workspace_lpc845/sdks/03_light_control_sdk/devices/LPC845/utilities/str/fsl_str.c.obj
START GROUP
LOAD C:/NXP/MCUXpressoIDE_24.12.148/ide/tools/bin/../lib/gcc/arm-none-eabi/13.2.1/thumb/v6-m/nofp\libgcc.a
LOAD C:/NXP/MCUXpressoIDE_24.12.148/ide/tools/bin/../lib/gcc/arm-none-eabi/13.2.1/thumb/v6-m/nofp\libc_nano.a
LOAD C:/NXP/MCUXpressoIDE_24.12.148/ide/tools/bin/../lib/gcc/arm-none-eabi/13.2.1/thumb/v6-m/nofp\libm.a
LOAD C:/NXP/MCUXpressoIDE_24.12.148/ide/tools/bin/../lib/gcc/arm-none-eabi/13.2.1/../../../../arm-none-eabi/lib/thumb/v6-m/nofp\libcr_newlib_nohost.a
END GROUP
START GROUP
LOAD C:/NXP/MCUXpressoIDE_24.12.148/ide/tools/bin/../lib/gcc/arm-none-eabi/13.2.1/thumb/v6-m/nofp\libgcc.a
LOAD C:/NXP/MCUXpressoIDE_24.12.148/ide/tools/bin/../lib/gcc/arm-none-eabi/13.2.1/thumb/v6-m/nofp\libg_nano.a
LOAD C:/NXP/MCUXpressoIDE_24.12.148/ide/tools/bin/../lib/gcc/arm-none-eabi/13.2.1/thumb/v6-m/nofp\libc_nano.a
END GROUP
START GROUP
LOAD C:/NXP/MCUXpressoIDE_24.12.148/ide/tools/bin/../lib/gcc/arm-none-eabi/13.2.1/thumb/v6-m/nofp\libgcc.a
LOAD C:/NXP/MCUXpressoIDE_24.12.148/ide/tools/bin/../lib/gcc/arm-none-eabi/13.2.1/thumb/v6-m/nofp\libc_nano.a
LOAD C:/NXP/MCUXpressoIDE_24.12.148/ide/tools/bin/../lib/gcc/arm-none-eabi/13.2.1/thumb/v6-m/nofp\libnosys.a
END GROUP
START GROUP
LOAD C:/NXP/MCUXpressoIDE_24.12.148/ide/tools/bin/../lib/gcc/arm-none-eabi/13.2.1/thumb/v6-m/nofp\libgcc.a
LOAD C:/NXP/MCUXpressoIDE_24.12.148/ide/tools/bin/../lib/gcc/arm-none-eabi/13.2.1/thumb/v6-m/nofp\libc_nano.a
LOAD C:/NXP/MCUXpressoIDE_24.12.148/ide/tools/bin/../lib/gcc/arm-none-eabi/13.2.1/thumb/v6-m/nofp\libnosys.a
END GROUP
LOAD C:/NXP/MCUXpressoIDE_24.12.148/ide/tools/bin/../lib/gcc/arm-none-eabi/13.2.1/thumb/v6-m/nofp/crtend.o
LOAD C:/NXP/MCUXpressoIDE_24.12.148/ide/tools/bin/../lib/gcc/arm-none-eabi/13.2.1/thumb/v6-m/nofp/crtn.o
                0x00000400                        HEAP_SIZE = DEFINED (__heap_size__)?__heap_size__:0x400
                0x00000800                        STACK_SIZE = DEFINED (__stack_size__)?__stack_size__:0x800
                0xefffb4f9                        __valid_user_code_checksum = (0x0 - ((((__StackTop + Reset_Handler) + NMI_Handler) + HardFault_Handler) + 0x3))

.interrupts     0x00000000       0xc0
                0x00000000                        . = ALIGN (0x4)
 *(.isr_vector)
 .isr_vector    0x00000000       0xc0 CMakeFiles/new_project.elf.dir/C_/Users/DELL/Documents/GitHub/curso-lse/workspace_lpc845/sdks/03_light_control_sdk/devices/LPC845/gcc/startup_LPC845.S.obj
                0x00000000                __Vectors
                0x000000c0                        . = ALIGN (0x4)

.crp            0x000002fc        0x4
                0x000002fc                        . = ALIGN (0x4)
 *(.crp)
 .crp           0x000002fc        0x4 CMakeFiles/new_project.elf.dir/C_/Users/DELL/Documents/GitHub/curso-lse/workspace_lpc845/sdks/03_light_control_sdk/devices/LPC845/gcc/startup_LPC845.S.obj
                0x00000300                        . = ALIGN (0x4)

.text           0x00000300     0x4dec
                0x00000300                        . = ALIGN (0x4)
 *(.text)
 .text          0x00000300       0x80 C:/NXP/MCUXpressoIDE_24.12.148/ide/tools/bin/../lib/gcc/arm-none-eabi/13.2.1/thumb/v6-m/nofp/crt0.o
                0x00000300                _stack_init
                0x0000030c                _start
                0x0000030c                _mainCRTStartup
 .text          0x00000380      0x17c CMakeFiles/new_project.elf.dir/C_/Users/DELL/Documents/GitHub/curso-lse/workspace_lpc845/sdks/03_light_control_sdk/devices/LPC845/gcc/startup_LPC845.S.obj
                0x00000380                Reset_Handler
                0x000003cc                ADC0_OVR_DriverIRQHandler
                0x000003cc                BOD_DriverIRQHandler
                0x000003cc                DMA0_DriverIRQHandler
                0x000003cc                FLASH_DriverIRQHandler
                0x000003cc                SPI1_DriverIRQHandler
                0x000003cc                ADC0_SEQA_DriverIRQHandler
                0x000003cc                DAC0_DriverIRQHandler
                0x000003cc                ADC0_THCMP_DriverIRQHandler
                0x000003cc                CMP_CAPT_DriverIRQHandler
                0x000003cc                ADC0_SEQB_DriverIRQHandler
                0x000003cc                SPI0_DriverIRQHandler
                0x000003cc                I2C3_DriverIRQHandler
                0x000003cc                PIN_INT4_DriverIRQHandler
                0x000003cc                PIN_INT3_DriverIRQHandler
                0x000003cc                PIN_INT5_DAC1_DriverIRQHandler
                0x000003cc                PIN_INT2_DriverIRQHandler
                0x000003cc                PIN_INT1_DriverIRQHandler
                0x000003cc                PIN_INT0_DriverIRQHandler
                0x000003cc                WDT_DriverIRQHandler
                0x000003cc                MRT0_DriverIRQHandler
                0x000003cc                DefaultISR
                0x000003cc                CTIMER0_DriverIRQHandler
                0x000003cc                WKT_DriverIRQHandler
                0x000003cc                Reserved22_DriverIRQHandler
                0x000003d0                NMI_Handler
                0x000003d4                HardFault_Handler
                0x000003d8                SVC_Handler
                0x000003dc                PendSV_Handler
                0x000003e0                SysTick_Handler
                0x000003e4                SPI0_IRQHandler
                0x000003e8                SPI1_IRQHandler
                0x000003ec                DAC0_IRQHandler
                0x000003f0                USART0_IRQHandler
                0x000003f4                USART1_IRQHandler
                0x000003f8                USART2_IRQHandler
                0x000003fc                Reserved22_IRQHandler
                0x00000400                I2C1_IRQHandler
                0x00000404                I2C0_IRQHandler
                0x00000408                SCT0_IRQHandler
                0x0000040c                MRT0_IRQHandler
                0x00000410                CMP_CAPT_IRQHandler
                0x00000414                WDT_IRQHandler
                0x00000418                BOD_IRQHandler
                0x0000041c                FLASH_IRQHandler
                0x00000420                WKT_IRQHandler
                0x00000424                ADC0_SEQA_IRQHandler
                0x00000428                ADC0_SEQB_IRQHandler
                0x0000042c                ADC0_THCMP_IRQHandler
                0x00000430                ADC0_OVR_IRQHandler
                0x00000434                DMA0_IRQHandler
                0x00000438                I2C2_IRQHandler
                0x0000043c                I2C3_IRQHandler
                0x00000440                CTIMER0_IRQHandler
                0x00000444                PIN_INT0_IRQHandler
                0x00000448                PIN_INT1_IRQHandler
                0x0000044c                PIN_INT2_IRQHandler
                0x00000450                PIN_INT3_IRQHandler
                0x00000454                PIN_INT4_IRQHandler
                0x00000458                PIN_INT5_DAC1_IRQHandler
                0x0000045c                PIN_INT6_USART3_IRQHandler
                0x00000460                PIN_INT7_USART4_IRQHandler
 .text          0x000004fc      0x114 C:/NXP/MCUXpressoIDE_24.12.148/ide/tools/bin/../lib/gcc/arm-none-eabi/13.2.1/thumb/v6-m/nofp\libgcc.a(_udivsi3.o)
                0x000004fc                __aeabi_uidiv
                0x000004fc                __udivsi3
                0x00000608                __aeabi_uidivmod
 .text          0x00000610        0x4 C:/NXP/MCUXpressoIDE_24.12.148/ide/tools/bin/../lib/gcc/arm-none-eabi/13.2.1/thumb/v6-m/nofp\libgcc.a(_dvmd_tls.o)
                0x00000610                __aeabi_idiv0
                0x00000610                __aeabi_ldiv0
 .text          0x00000614       0x40 C:/NXP/MCUXpressoIDE_24.12.148/ide/tools/bin/../lib/gcc/arm-none-eabi/13.2.1/thumb/v6-m/nofp\libgcc.a(_aeabi_uldivmod.o)
                0x00000614                __aeabi_uldivmod
 .text          0x00000654       0x74 C:/NXP/MCUXpressoIDE_24.12.148/ide/tools/bin/../lib/gcc/arm-none-eabi/13.2.1/thumb/v6-m/nofp\libgcc.a(_arm_cmpsf2.o)
                0x00000654                __aeabi_cfrcmple
                0x0000065c                __aeabi_cfcmpeq
                0x0000065c                __aeabi_cfcmple
                0x0000066c                __aeabi_fcmpeq
                0x00000678                __aeabi_fcmplt
                0x0000068c                __aeabi_fcmple
                0x000006a0                __aeabi_fcmpgt
                0x000006b4                __aeabi_fcmpge
 .text          0x000006c8       0x3c C:/NXP/MCUXpressoIDE_24.12.148/ide/tools/bin/../lib/gcc/arm-none-eabi/13.2.1/thumb/v6-m/nofp\libgcc.a(_clzsi2.o)
                0x000006c8                __clzsi2
 .text          0x00000704       0x18 C:/NXP/MCUXpressoIDE_24.12.148/ide/tools/bin/../lib/gcc/arm-none-eabi/13.2.1/thumb/v6-m/nofp\libgcc.a(_clzdi2.o)
                0x00000704                __clzdi2
 .text          0x0000071c        0xe C:/NXP/MCUXpressoIDE_24.12.148/ide/tools/bin/../lib/gcc/arm-none-eabi/13.2.1/thumb/v6-m/nofp\libc_nano.a(libc_a-strlen.o)
                0x0000071c                strlen
 *(.text*)
 *fill*         0x0000072a        0x2 
 .text.deregister_tm_clones
                0x0000072c       0x20 C:/NXP/MCUXpressoIDE_24.12.148/ide/tools/bin/../lib/gcc/arm-none-eabi/13.2.1/thumb/v6-m/nofp/crtbegin.o
 .text.register_tm_clones
                0x0000074c       0x28 C:/NXP/MCUXpressoIDE_24.12.148/ide/tools/bin/../lib/gcc/arm-none-eabi/13.2.1/thumb/v6-m/nofp/crtbegin.o
 .text.__do_global_dtors_aux
                0x00000774       0x2c C:/NXP/MCUXpressoIDE_24.12.148/ide/tools/bin/../lib/gcc/arm-none-eabi/13.2.1/thumb/v6-m/nofp/crtbegin.o
 .text.frame_dummy
                0x000007a0       0x24 C:/NXP/MCUXpressoIDE_24.12.148/ide/tools/bin/../lib/gcc/arm-none-eabi/13.2.1/thumb/v6-m/nofp/crtbegin.o
 .text.CLOCK_EnableClock
                0x000007c4       0x54 CMakeFiles/new_project.elf.dir/C_/Users/DELL/Documents/GitHub/curso-lse/workspace_lpc845/03_light_control/main.c.obj
 .text.CLOCK_DisableClock
                0x00000818       0x58 CMakeFiles/new_project.elf.dir/C_/Users/DELL/Documents/GitHub/curso-lse/workspace_lpc845/03_light_control/main.c.obj
 .text.CLOCK_Select
                0x00000870       0x38 CMakeFiles/new_project.elf.dir/C_/Users/DELL/Documents/GitHub/curso-lse/workspace_lpc845/03_light_control/main.c.obj
 .text.SCTIMER_StartTimer
                0x000008a8      0x108 CMakeFiles/new_project.elf.dir/C_/Users/DELL/Documents/GitHub/curso-lse/workspace_lpc845/03_light_control/main.c.obj
 .text.main     0x000009b0      0x1d4 CMakeFiles/new_project.elf.dir/C_/Users/DELL/Documents/GitHub/curso-lse/workspace_lpc845/03_light_control/main.c.obj
                0x000009b0                main
 .text.CLOCK_Select
                0x00000b84       0x38 CMakeFiles/new_project.elf.dir/C_/Users/DELL/Documents/GitHub/curso-lse/workspace_lpc845/03_light_control/clock_config.c.obj
 .text.CLOCK_SetCoreSysClkDiv
                0x00000bbc       0x4c CMakeFiles/new_project.elf.dir/C_/Users/DELL/Documents/GitHub/curso-lse/workspace_lpc845/03_light_control/clock_config.c.obj
 .text.CLOCK_SetFroOscFreq
                0x00000c08       0x24 CMakeFiles/new_project.elf.dir/C_/Users/DELL/Documents/GitHub/curso-lse/workspace_lpc845/03_light_control/clock_config.c.obj
 .text.POWER_DisablePD
                0x00000c2c       0x2c CMakeFiles/new_project.elf.dir/C_/Users/DELL/Documents/GitHub/curso-lse/workspace_lpc845/03_light_control/clock_config.c.obj
 .text.BOARD_BootClockFRO30M
                0x00000c58       0x58 CMakeFiles/new_project.elf.dir/C_/Users/DELL/Documents/GitHub/curso-lse/workspace_lpc845/03_light_control/clock_config.c.obj
                0x00000c58                BOARD_BootClockFRO30M
 .text.SystemInit
                0x00000cb0       0x2c CMakeFiles/new_project.elf.dir/C_/Users/DELL/Documents/GitHub/curso-lse/workspace_lpc845/sdks/03_light_control_sdk/devices/LPC845/system_LPC845.c.obj
                0x00000cb0                SystemInit
 .text.SystemInitHook
                0x00000cdc        0xa CMakeFiles/new_project.elf.dir/C_/Users/DELL/Documents/GitHub/curso-lse/workspace_lpc845/sdks/03_light_control_sdk/devices/LPC845/system_LPC845.c.obj
                0x00000cdc                SystemInitHook
 *fill*         0x00000ce6        0x2 
 .text.CLOCK_GetCoreSysClkFreq
                0x00000ce8       0x24 CMakeFiles/new_project.elf.dir/C_/Users/DELL/Documents/GitHub/curso-lse/workspace_lpc845/sdks/03_light_control_sdk/devices/LPC845/drivers/fsl_clock.c.obj
 .text.CLOCK_GetSystemPLLFreq
                0x00000d0c       0x20 CMakeFiles/new_project.elf.dir/C_/Users/DELL/Documents/GitHub/curso-lse/workspace_lpc845/sdks/03_light_control_sdk/devices/LPC845/drivers/fsl_clock.c.obj
 .text.CLOCK_GetWdtOscFreq
                0x00000d2c       0x14 CMakeFiles/new_project.elf.dir/C_/Users/DELL/Documents/GitHub/curso-lse/workspace_lpc845/sdks/03_light_control_sdk/devices/LPC845/drivers/fsl_clock.c.obj
 .text.CLOCK_GetExtClkFreq
                0x00000d40       0x14 CMakeFiles/new_project.elf.dir/C_/Users/DELL/Documents/GitHub/curso-lse/workspace_lpc845/sdks/03_light_control_sdk/devices/LPC845/drivers/fsl_clock.c.obj
 .text.CLOCK_GetFRGInputClkFreq
                0x00000d54       0x3e CMakeFiles/new_project.elf.dir/C_/Users/DELL/Documents/GitHub/curso-lse/workspace_lpc845/sdks/03_light_control_sdk/devices/LPC845/drivers/fsl_clock.c.obj
 *fill*         0x00000d92        0x2 
 .text.CLOCK_UpdateClkSrc
                0x00000d94       0x58 CMakeFiles/new_project.elf.dir/C_/Users/DELL/Documents/GitHub/curso-lse/workspace_lpc845/sdks/03_light_control_sdk/devices/LPC845/drivers/fsl_clock.c.obj
 .text.CLOCK_GetFRG0ClkFreq
                0x00000dec       0x64 CMakeFiles/new_project.elf.dir/C_/Users/DELL/Documents/GitHub/curso-lse/workspace_lpc845/sdks/03_light_control_sdk/devices/LPC845/drivers/fsl_clock.c.obj
                0x00000dec                CLOCK_GetFRG0ClkFreq
 .text.CLOCK_GetFRG1ClkFreq
                0x00000e50       0x64 CMakeFiles/new_project.elf.dir/C_/Users/DELL/Documents/GitHub/curso-lse/workspace_lpc845/sdks/03_light_control_sdk/devices/LPC845/drivers/fsl_clock.c.obj
                0x00000e50                CLOCK_GetFRG1ClkFreq
 .text.CLOCK_GetMainClkFreq
                0x00000eb4       0x78 CMakeFiles/new_project.elf.dir/C_/Users/DELL/Documents/GitHub/curso-lse/workspace_lpc845/sdks/03_light_control_sdk/devices/LPC845/drivers/fsl_clock.c.obj
                0x00000eb4                CLOCK_GetMainClkFreq
 .text.CLOCK_GetFroFreq
                0x00000f2c       0x78 CMakeFiles/new_project.elf.dir/C_/Users/DELL/Documents/GitHub/curso-lse/workspace_lpc845/sdks/03_light_control_sdk/devices/LPC845/drivers/fsl_clock.c.obj
                0x00000f2c                CLOCK_GetFroFreq
 .text.CLOCK_GetFreq
                0x00000fa4       0x90 CMakeFiles/new_project.elf.dir/C_/Users/DELL/Documents/GitHub/curso-lse/workspace_lpc845/sdks/03_light_control_sdk/devices/LPC845/drivers/fsl_clock.c.obj
                0x00000fa4                CLOCK_GetFreq
 .text.CLOCK_GetSystemPLLInClockRate
                0x00001034       0x64 CMakeFiles/new_project.elf.dir/C_/Users/DELL/Documents/GitHub/curso-lse/workspace_lpc845/sdks/03_light_control_sdk/devices/LPC845/drivers/fsl_clock.c.obj
                0x00001034                CLOCK_GetSystemPLLInClockRate
 .text.CLOCK_SetMainClkSrc
                0x00001098       0x9c CMakeFiles/new_project.elf.dir/C_/Users/DELL/Documents/GitHub/curso-lse/workspace_lpc845/sdks/03_light_control_sdk/devices/LPC845/drivers/fsl_clock.c.obj
                0x00001098                CLOCK_SetMainClkSrc
 .text.CLOCK_SetFroOutClkSrc
                0x00001134       0x48 CMakeFiles/new_project.elf.dir/C_/Users/DELL/Documents/GitHub/curso-lse/workspace_lpc845/sdks/03_light_control_sdk/devices/LPC845/drivers/fsl_clock.c.obj
                0x00001134                CLOCK_SetFroOutClkSrc
 .text.CLOCK_EnableClock
                0x0000117c       0x54 CMakeFiles/new_project.elf.dir/C_/Users/DELL/Documents/GitHub/curso-lse/workspace_lpc845/sdks/03_light_control_sdk/devices/LPC845/drivers/fsl_i2c.c.obj
 .text.I2C_MasterEnable
                0x000011d0       0x3c CMakeFiles/new_project.elf.dir/C_/Users/DELL/Documents/GitHub/curso-lse/workspace_lpc845/sdks/03_light_control_sdk/devices/LPC845/drivers/fsl_i2c.c.obj
 .text.I2C_GetStatusFlags
                0x0000120c       0x14 CMakeFiles/new_project.elf.dir/C_/Users/DELL/Documents/GitHub/curso-lse/workspace_lpc845/sdks/03_light_control_sdk/devices/LPC845/drivers/fsl_i2c.c.obj
 .text.I2C_MasterClearStatusFlags
                0x00001220       0x1c CMakeFiles/new_project.elf.dir/C_/Users/DELL/Documents/GitHub/curso-lse/workspace_lpc845/sdks/03_light_control_sdk/devices/LPC845/drivers/fsl_i2c.c.obj
 .text.I2C_GetInstance
                0x0000123c       0x58 CMakeFiles/new_project.elf.dir/C_/Users/DELL/Documents/GitHub/curso-lse/workspace_lpc845/sdks/03_light_control_sdk/devices/LPC845/drivers/fsl_i2c.c.obj
                0x0000123c                I2C_GetInstance
 .text.I2C_MasterGetDefaultConfig
                0x00001294       0x34 CMakeFiles/new_project.elf.dir/C_/Users/DELL/Documents/GitHub/curso-lse/workspace_lpc845/sdks/03_light_control_sdk/devices/LPC845/drivers/fsl_i2c.c.obj
                0x00001294                I2C_MasterGetDefaultConfig
 .text.I2C_MasterInit
                0x000012c8       0x64 CMakeFiles/new_project.elf.dir/C_/Users/DELL/Documents/GitHub/curso-lse/workspace_lpc845/sdks/03_light_control_sdk/devices/LPC845/drivers/fsl_i2c.c.obj
                0x000012c8                I2C_MasterInit
 .text.I2C_MasterSetBaudRate
                0x0000132c       0xcc CMakeFiles/new_project.elf.dir/C_/Users/DELL/Documents/GitHub/curso-lse/workspace_lpc845/sdks/03_light_control_sdk/devices/LPC845/drivers/fsl_i2c.c.obj
                0x0000132c                I2C_MasterSetBaudRate
 .text.I2C_PendingStatusWait
                0x000013f8       0x30 CMakeFiles/new_project.elf.dir/C_/Users/DELL/Documents/GitHub/curso-lse/workspace_lpc845/sdks/03_light_control_sdk/devices/LPC845/drivers/fsl_i2c.c.obj
 .text.I2C_MasterStart
                0x00001428       0x54 CMakeFiles/new_project.elf.dir/C_/Users/DELL/Documents/GitHub/curso-lse/workspace_lpc845/sdks/03_light_control_sdk/devices/LPC845/drivers/fsl_i2c.c.obj
                0x00001428                I2C_MasterStart
 .text.I2C_MasterStop
                0x0000147c       0x30 CMakeFiles/new_project.elf.dir/C_/Users/DELL/Documents/GitHub/curso-lse/workspace_lpc845/sdks/03_light_control_sdk/devices/LPC845/drivers/fsl_i2c.c.obj
                0x0000147c                I2C_MasterStop
 .text.I2C_MasterWriteBlocking
                0x000014ac      0x124 CMakeFiles/new_project.elf.dir/C_/Users/DELL/Documents/GitHub/curso-lse/workspace_lpc845/sdks/03_light_control_sdk/devices/LPC845/drivers/fsl_i2c.c.obj
                0x000014ac                I2C_MasterWriteBlocking
 .text.I2C_MasterReadBlocking
                0x000015d0      0x104 CMakeFiles/new_project.elf.dir/C_/Users/DELL/Documents/GitHub/curso-lse/workspace_lpc845/sdks/03_light_control_sdk/devices/LPC845/drivers/fsl_i2c.c.obj
                0x000015d0                I2C_MasterReadBlocking
 .text.I2C_TransferCommonIRQHandler
                0x000016d4       0x40 CMakeFiles/new_project.elf.dir/C_/Users/DELL/Documents/GitHub/curso-lse/workspace_lpc845/sdks/03_light_control_sdk/devices/LPC845/drivers/fsl_i2c.c.obj
 .text.I2C0_DriverIRQHandler
                0x00001714       0x20 CMakeFiles/new_project.elf.dir/C_/Users/DELL/Documents/GitHub/curso-lse/workspace_lpc845/sdks/03_light_control_sdk/devices/LPC845/drivers/fsl_i2c.c.obj
                0x00001714                I2C0_DriverIRQHandler
 .text.I2C1_DriverIRQHandler
                0x00001734       0x20 CMakeFiles/new_project.elf.dir/C_/Users/DELL/Documents/GitHub/curso-lse/workspace_lpc845/sdks/03_light_control_sdk/devices/LPC845/drivers/fsl_i2c.c.obj
                0x00001734                I2C1_DriverIRQHandler
 .text.I2C2_DriverIRQHandler
                0x00001754       0x20 CMakeFiles/new_project.elf.dir/C_/Users/DELL/Documents/GitHub/curso-lse/workspace_lpc845/sdks/03_light_control_sdk/devices/LPC845/drivers/fsl_i2c.c.obj
                0x00001754                I2C2_DriverIRQHandler
 .text.USART0_DriverIRQHandler
                0x00001774       0x24 CMakeFiles/new_project.elf.dir/C_/Users/DELL/Documents/GitHub/curso-lse/workspace_lpc845/sdks/03_light_control_sdk/devices/LPC845/drivers/fsl_usart.c.obj
                0x00001774                USART0_DriverIRQHandler
 .text.USART1_DriverIRQHandler
                0x00001798       0x24 CMakeFiles/new_project.elf.dir/C_/Users/DELL/Documents/GitHub/curso-lse/workspace_lpc845/sdks/03_light_control_sdk/devices/LPC845/drivers/fsl_usart.c.obj
                0x00001798                USART1_DriverIRQHandler
 .text.USART2_DriverIRQHandler
                0x000017bc       0x24 CMakeFiles/new_project.elf.dir/C_/Users/DELL/Documents/GitHub/curso-lse/workspace_lpc845/sdks/03_light_control_sdk/devices/LPC845/drivers/fsl_usart.c.obj
                0x000017bc                USART2_DriverIRQHandler
 .text.PIN_INT6_USART3_DriverIRQHandler
                0x000017e0       0x24 CMakeFiles/new_project.elf.dir/C_/Users/DELL/Documents/GitHub/curso-lse/workspace_lpc845/sdks/03_light_control_sdk/devices/LPC845/drivers/fsl_usart.c.obj
                0x000017e0                PIN_INT6_USART3_DriverIRQHandler
 .text.PIN_INT7_USART4_DriverIRQHandler
                0x00001804       0x24 CMakeFiles/new_project.elf.dir/C_/Users/DELL/Documents/GitHub/curso-lse/workspace_lpc845/sdks/03_light_control_sdk/devices/LPC845/drivers/fsl_usart.c.obj
                0x00001804                PIN_INT7_USART4_DriverIRQHandler
 .text.RESET_SetPeripheralReset
                0x00001828       0x7c CMakeFiles/new_project.elf.dir/C_/Users/DELL/Documents/GitHub/curso-lse/workspace_lpc845/sdks/03_light_control_sdk/devices/LPC845/drivers/fsl_reset.c.obj
                0x00001828                RESET_SetPeripheralReset
 .text.RESET_ClearPeripheralReset
                0x000018a4       0x78 CMakeFiles/new_project.elf.dir/C_/Users/DELL/Documents/GitHub/curso-lse/workspace_lpc845/sdks/03_light_control_sdk/devices/LPC845/drivers/fsl_reset.c.obj
                0x000018a4                RESET_ClearPeripheralReset
 .text.RESET_PeripheralReset
                0x0000191c       0x20 CMakeFiles/new_project.elf.dir/C_/Users/DELL/Documents/GitHub/curso-lse/workspace_lpc845/sdks/03_light_control_sdk/devices/LPC845/drivers/fsl_reset.c.obj
                0x0000191c                RESET_PeripheralReset
 .text.CLOCK_EnableClock
                0x0000193c       0x54 CMakeFiles/new_project.elf.dir/C_/Users/DELL/Documents/GitHub/curso-lse/workspace_lpc845/sdks/03_light_control_sdk/devices/LPC845/drivers/fsl_sctimer.c.obj
 .text.SCTIMER_StartTimer
                0x00001990      0x108 CMakeFiles/new_project.elf.dir/C_/Users/DELL/Documents/GitHub/curso-lse/workspace_lpc845/sdks/03_light_control_sdk/devices/LPC845/drivers/fsl_sctimer.c.obj
 .text.SCTIMER_StopTimer
                0x00001a98      0x104 CMakeFiles/new_project.elf.dir/C_/Users/DELL/Documents/GitHub/curso-lse/workspace_lpc845/sdks/03_light_control_sdk/devices/LPC845/drivers/fsl_sctimer.c.obj
 .text.SCTIMER_SetupOutputSetAction
                0x00001b9c       0x58 CMakeFiles/new_project.elf.dir/C_/Users/DELL/Documents/GitHub/curso-lse/workspace_lpc845/sdks/03_light_control_sdk/devices/LPC845/drivers/fsl_sctimer.c.obj
 .text.SCTIMER_SetupOutputClearAction
                0x00001bf4       0x5c CMakeFiles/new_project.elf.dir/C_/Users/DELL/Documents/GitHub/curso-lse/workspace_lpc845/sdks/03_light_control_sdk/devices/LPC845/drivers/fsl_sctimer.c.obj
 .text.SCTIMER_SetupCounterLimitAction
                0x00001c50       0xdc CMakeFiles/new_project.elf.dir/C_/Users/DELL/Documents/GitHub/curso-lse/workspace_lpc845/sdks/03_light_control_sdk/devices/LPC845/drivers/fsl_sctimer.c.obj
 .text.SCTIMER_GetInstance
                0x00001d2c       0x5c CMakeFiles/new_project.elf.dir/C_/Users/DELL/Documents/GitHub/curso-lse/workspace_lpc845/sdks/03_light_control_sdk/devices/LPC845/drivers/fsl_sctimer.c.obj
 .text.SCTIMER_Init
                0x00001d88      0x154 CMakeFiles/new_project.elf.dir/C_/Users/DELL/Documents/GitHub/curso-lse/workspace_lpc845/sdks/03_light_control_sdk/devices/LPC845/drivers/fsl_sctimer.c.obj
                0x00001d88                SCTIMER_Init
 .text.SCTIMER_GetDefaultConfig
                0x00001edc       0x70 CMakeFiles/new_project.elf.dir/C_/Users/DELL/Documents/GitHub/curso-lse/workspace_lpc845/sdks/03_light_control_sdk/devices/LPC845/drivers/fsl_sctimer.c.obj
                0x00001edc                SCTIMER_GetDefaultConfig
 .text.SCTIMER_SetupPwm
                0x00001f4c      0x304 CMakeFiles/new_project.elf.dir/C_/Users/DELL/Documents/GitHub/curso-lse/workspace_lpc845/sdks/03_light_control_sdk/devices/LPC845/drivers/fsl_sctimer.c.obj
                0x00001f4c                SCTIMER_SetupPwm
 .text.SCTIMER_UpdatePwmDutycycle
                0x00002250      0x1b8 CMakeFiles/new_project.elf.dir/C_/Users/DELL/Documents/GitHub/curso-lse/workspace_lpc845/sdks/03_light_control_sdk/devices/LPC845/drivers/fsl_sctimer.c.obj
                0x00002250                SCTIMER_UpdatePwmDutycycle
 .text.SCTIMER_CreateAndScheduleEvent
                0x00002408      0x248 CMakeFiles/new_project.elf.dir/C_/Users/DELL/Documents/GitHub/curso-lse/workspace_lpc845/sdks/03_light_control_sdk/devices/LPC845/drivers/fsl_sctimer.c.obj
                0x00002408                SCTIMER_CreateAndScheduleEvent
 .text.SCTIMER_EventHandleIRQ
                0x00002650       0x74 CMakeFiles/new_project.elf.dir/C_/Users/DELL/Documents/GitHub/curso-lse/workspace_lpc845/sdks/03_light_control_sdk/devices/LPC845/drivers/fsl_sctimer.c.obj
                0x00002650                SCTIMER_EventHandleIRQ
 .text.SCT0_DriverIRQHandler
                0x000026c4       0x1c CMakeFiles/new_project.elf.dir/C_/Users/DELL/Documents/GitHub/curso-lse/workspace_lpc845/sdks/03_light_control_sdk/devices/LPC845/drivers/fsl_sctimer.c.obj
                0x000026c4                SCT0_DriverIRQHandler
 .text.SWM_SetMovablePinSelect
                0x000026e0       0xa8 CMakeFiles/new_project.elf.dir/C_/Users/DELL/Documents/GitHub/curso-lse/workspace_lpc845/sdks/03_light_control_sdk/devices/LPC845/drivers/fsl_swm.c.obj
                0x000026e0                SWM_SetMovablePinSelect
 .text.fsl_assert_hook
                0x00002788       0x16 CMakeFiles/new_project.elf.dir/c4d37973eab7134fad37f7aaf6cab87f/sdks/03_light_control_sdk/devices/LPC845/utilities/debug_console_lite/fsl_assert.c.obj
                0x00002788                fsl_assert_hook
 *fill*         0x0000279e        0x2 
 .text.__assert_func
                0x000027a0       0x34 CMakeFiles/new_project.elf.dir/c4d37973eab7134fad37f7aaf6cab87f/sdks/03_light_control_sdk/devices/LPC845/utilities/debug_console_lite/fsl_assert.c.obj
                0x000027a0                __assert_func
 .text.DbgConsole_Printf
                0x000027d4       0x32 CMakeFiles/new_project.elf.dir/c4d37973eab7134fad37f7aaf6cab87f/sdks/03_light_control_sdk/devices/LPC845/utilities/debug_console_lite/fsl_debug_console.c.obj
                0x000027d4                DbgConsole_Printf
 *fill*         0x00002806        0x2 
 .text.DbgConsole_Vprintf
                0x00002808       0x40 CMakeFiles/new_project.elf.dir/c4d37973eab7134fad37f7aaf6cab87f/sdks/03_light_control_sdk/devices/LPC845/utilities/debug_console_lite/fsl_debug_console.c.obj
                0x00002808                DbgConsole_Vprintf
 .text.DbgConsole_Putchar
                0x00002848       0x30 CMakeFiles/new_project.elf.dir/c4d37973eab7134fad37f7aaf6cab87f/sdks/03_light_control_sdk/devices/LPC845/utilities/debug_console_lite/fsl_debug_console.c.obj
                0x00002848                DbgConsole_Putchar
 .text.DbgConsole_Scanf
                0x00002878       0xc0 CMakeFiles/new_project.elf.dir/c4d37973eab7134fad37f7aaf6cab87f/sdks/03_light_control_sdk/devices/LPC845/utilities/debug_console_lite/fsl_debug_console.c.obj
                0x00002878                DbgConsole_Scanf
 .text.DbgConsole_Getchar
                0x00002938       0x3c CMakeFiles/new_project.elf.dir/c4d37973eab7134fad37f7aaf6cab87f/sdks/03_light_control_sdk/devices/LPC845/utilities/debug_console_lite/fsl_debug_console.c.obj
                0x00002938                DbgConsole_Getchar
 .text.DbgConsole_PrintfPaddingCharacter
                0x00002974       0x48 CMakeFiles/new_project.elf.dir/c4d37973eab7134fad37f7aaf6cab87f/sdks/03_light_control_sdk/devices/LPC845/utilities/debug_console_lite/fsl_debug_console.c.obj
 .text.DbgConsole_ConvertRadixNumToString
                0x000029bc       0xc2 CMakeFiles/new_project.elf.dir/c4d37973eab7134fad37f7aaf6cab87f/sdks/03_light_control_sdk/devices/LPC845/utilities/debug_console_lite/fsl_debug_console.c.obj
 .text.DbgConsole_PrintfFormattedData
                0x00002a7e      0x3da CMakeFiles/new_project.elf.dir/c4d37973eab7134fad37f7aaf6cab87f/sdks/03_light_control_sdk/devices/LPC845/utilities/debug_console_lite/fsl_debug_console.c.obj
 .text.ScanIsWhiteSpace
                0x00002e58       0x4e CMakeFiles/new_project.elf.dir/C_/Users/DELL/Documents/GitHub/curso-lse/workspace_lpc845/sdks/03_light_control_sdk/devices/LPC845/utilities/str/fsl_str.c.obj
 .text.ScanIgnoreWhiteSpace
                0x00002ea6       0x52 CMakeFiles/new_project.elf.dir/C_/Users/DELL/Documents/GitHub/curso-lse/workspace_lpc845/sdks/03_light_control_sdk/devices/LPC845/utilities/str/fsl_str.c.obj
 .text.StrFormatScanIsFormatStarting
                0x00002ef8       0x40 CMakeFiles/new_project.elf.dir/C_/Users/DELL/Documents/GitHub/curso-lse/workspace_lpc845/sdks/03_light_control_sdk/devices/LPC845/utilities/str/fsl_str.c.obj
 .text.StrFormatScanGetBase
                0x00002f38       0x54 CMakeFiles/new_project.elf.dir/C_/Users/DELL/Documents/GitHub/curso-lse/workspace_lpc845/sdks/03_light_control_sdk/devices/LPC845/utilities/str/fsl_str.c.obj
 .text.StrFormatScanCheckSymbol
                0x00002f8c       0x54 CMakeFiles/new_project.elf.dir/C_/Users/DELL/Documents/GitHub/curso-lse/workspace_lpc845/sdks/03_light_control_sdk/devices/LPC845/utilities/str/fsl_str.c.obj
 .text.StrFormatScanFillInteger
                0x00002fe0       0x42 CMakeFiles/new_project.elf.dir/C_/Users/DELL/Documents/GitHub/curso-lse/workspace_lpc845/sdks/03_light_control_sdk/devices/LPC845/utilities/str/fsl_str.c.obj
 .text.StrFormatScanfStringHandling
                0x00003022      0x19a CMakeFiles/new_project.elf.dir/C_/Users/DELL/Documents/GitHub/curso-lse/workspace_lpc845/sdks/03_light_control_sdk/devices/LPC845/utilities/str/fsl_str.c.obj
 .text.StrFormatScanfHandleChar
                0x000031bc       0x5a CMakeFiles/new_project.elf.dir/C_/Users/DELL/Documents/GitHub/curso-lse/workspace_lpc845/sdks/03_light_control_sdk/devices/LPC845/utilities/str/fsl_str.c.obj
 .text.StrFormatScanfHandleString
                0x00003216       0x7c CMakeFiles/new_project.elf.dir/C_/Users/DELL/Documents/GitHub/curso-lse/workspace_lpc845/sdks/03_light_control_sdk/devices/LPC845/utilities/str/fsl_str.c.obj
 .text.StrFormatScanf
                0x00003292      0x2b8 CMakeFiles/new_project.elf.dir/C_/Users/DELL/Documents/GitHub/curso-lse/workspace_lpc845/sdks/03_light_control_sdk/devices/LPC845/utilities/str/fsl_str.c.obj
                0x00003292                StrFormatScanf
 *fill*         0x0000354a        0x2 
 .text.__muldi3
                0x0000354c       0x5c C:/NXP/MCUXpressoIDE_24.12.148/ide/tools/bin/../lib/gcc/arm-none-eabi/13.2.1/thumb/v6-m/nofp\libgcc.a(_muldi3.o)
                0x0000354c                __muldi3
                0x0000354c                __aeabi_lmul
 .text.__fixunssfsi
                0x000035a8       0x30 C:/NXP/MCUXpressoIDE_24.12.148/ide/tools/bin/../lib/gcc/arm-none-eabi/13.2.1/thumb/v6-m/nofp\libgcc.a(_fixunssfsi.o)
                0x000035a8                __fixunssfsi
                0x000035a8                __aeabi_f2uiz
 .text.__udivmoddi4
                0x000035d8      0x198 C:/NXP/MCUXpressoIDE_24.12.148/ide/tools/bin/../lib/gcc/arm-none-eabi/13.2.1/thumb/v6-m/nofp\libgcc.a(_udivmoddi4.o)
                0x000035d8                __udivmoddi4
 .text.__aeabi_fsub
                0x00003770      0x38c C:/NXP/MCUXpressoIDE_24.12.148/ide/tools/bin/../lib/gcc/arm-none-eabi/13.2.1/thumb/v6-m/nofp\libgcc.a(subsf3.o)
                0x00003770                __aeabi_fsub
 .text.__aeabi_f2iz
                0x00003afc       0x40 C:/NXP/MCUXpressoIDE_24.12.148/ide/tools/bin/../lib/gcc/arm-none-eabi/13.2.1/thumb/v6-m/nofp\libgcc.a(fixsfsi.o)
                0x00003afc                __aeabi_f2iz
 .text.__aeabi_ddiv
                0x00003b3c      0x604 C:/NXP/MCUXpressoIDE_24.12.148/ide/tools/bin/../lib/gcc/arm-none-eabi/13.2.1/thumb/v6-m/nofp\libgcc.a(divdf3.o)
                0x00003b3c                __aeabi_ddiv
 .text.__aeabi_i2d
                0x00004140       0x5c C:/NXP/MCUXpressoIDE_24.12.148/ide/tools/bin/../lib/gcc/arm-none-eabi/13.2.1/thumb/v6-m/nofp\libgcc.a(floatsidf.o)
                0x00004140                __aeabi_i2d
 .text.__aeabi_d2f
                0x0000419c      0x10c C:/NXP/MCUXpressoIDE_24.12.148/ide/tools/bin/../lib/gcc/arm-none-eabi/13.2.1/thumb/v6-m/nofp\libgcc.a(truncdfsf2.o)
                0x0000419c                __aeabi_d2f
 .text.__eqsf2  0x000042a8       0x50 C:/NXP/MCUXpressoIDE_24.12.148/ide/tools/bin/../lib/gcc/arm-none-eabi/13.2.1/thumb/v6-m/nofp\libgcc.a(eqsf2.o)
                0x000042a8                __eqsf2
                0x000042a8                __nesf2
 .text.__gesf2  0x000042f8       0x94 C:/NXP/MCUXpressoIDE_24.12.148/ide/tools/bin/../lib/gcc/arm-none-eabi/13.2.1/thumb/v6-m/nofp\libgcc.a(gesf2.o)
                0x000042f8                __gesf2
                0x000042f8                __gtsf2
 .text.__lesf2  0x0000438c       0x90 C:/NXP/MCUXpressoIDE_24.12.148/ide/tools/bin/../lib/gcc/arm-none-eabi/13.2.1/thumb/v6-m/nofp\libgcc.a(lesf2.o)
                0x0000438c                __ltsf2
                0x0000438c                __lesf2
 .text.exit     0x0000441c       0x28 C:/NXP/MCUXpressoIDE_24.12.148/ide/tools/bin/../lib/gcc/arm-none-eabi/13.2.1/thumb/v6-m/nofp\libc_nano.a(libc_a-exit.o)
                0x0000441c                exit
 .text._strtoul_l.isra.0
                0x00004444      0x104 C:/NXP/MCUXpressoIDE_24.12.148/ide/tools/bin/../lib/gcc/arm-none-eabi/13.2.1/thumb/v6-m/nofp\libc_nano.a(libc_a-strtoul.o)
 .text.strtoul  0x00004548       0x18 C:/NXP/MCUXpressoIDE_24.12.148/ide/tools/bin/../lib/gcc/arm-none-eabi/13.2.1/thumb/v6-m/nofp\libc_nano.a(libc_a-strtoul.o)
                0x00004548                strtoul
 .text.memset   0x00004560       0x10 C:/NXP/MCUXpressoIDE_24.12.148/ide/tools/bin/../lib/gcc/arm-none-eabi/13.2.1/thumb/v6-m/nofp\libc_nano.a(libc_a-memset.o)
                0x00004560                memset
 .text.__errno  0x00004570        0xc C:/NXP/MCUXpressoIDE_24.12.148/ide/tools/bin/../lib/gcc/arm-none-eabi/13.2.1/thumb/v6-m/nofp\libc_nano.a(libc_a-errno.o)
                0x00004570                __errno
 .text.__libc_init_array
                0x0000457c       0x48 C:/NXP/MCUXpressoIDE_24.12.148/ide/tools/bin/../lib/gcc/arm-none-eabi/13.2.1/thumb/v6-m/nofp\libc_nano.a(libc_a-init.o)
                0x0000457c                __libc_init_array
 .text.memcpy   0x000045c4       0x12 C:/NXP/MCUXpressoIDE_24.12.148/ide/tools/bin/../lib/gcc/arm-none-eabi/13.2.1/thumb/v6-m/nofp\libc_nano.a(libc_a-memcpy-stub.o)
                0x000045c4                memcpy
 .text._exit    0x000045d6        0x2 C:/NXP/MCUXpressoIDE_24.12.148/ide/tools/bin/../lib/gcc/arm-none-eabi/13.2.1/../../../../arm-none-eabi/lib/thumb/v6-m/nofp\libcr_newlib_nohost.a(_exit.o)
                0x000045d6                _exit
 *(.rodata)
 .rodata        0x000045d8       0xf7 CMakeFiles/new_project.elf.dir/C_/Users/DELL/Documents/GitHub/curso-lse/workspace_lpc845/03_light_control/main.c.obj
 *fill*         0x000046cf        0x1 
 .rodata        0x000046d0       0x83 CMakeFiles/new_project.elf.dir/C_/Users/DELL/Documents/GitHub/curso-lse/workspace_lpc845/03_light_control/clock_config.c.obj
 *fill*         0x00004753        0x1 
 .rodata        0x00004754       0xd8 CMakeFiles/new_project.elf.dir/C_/Users/DELL/Documents/GitHub/curso-lse/workspace_lpc845/sdks/03_light_control_sdk/devices/LPC845/drivers/fsl_clock.c.obj
 .rodata        0x0000482c      0x138 CMakeFiles/new_project.elf.dir/C_/Users/DELL/Documents/GitHub/curso-lse/workspace_lpc845/sdks/03_light_control_sdk/devices/LPC845/drivers/fsl_i2c.c.obj
 .rodata        0x00004964       0x87 CMakeFiles/new_project.elf.dir/C_/Users/DELL/Documents/GitHub/curso-lse/workspace_lpc845/sdks/03_light_control_sdk/devices/LPC845/drivers/fsl_reset.c.obj
 *fill*         0x000049eb        0x1 
 .rodata        0x000049ec      0x2a7 CMakeFiles/new_project.elf.dir/C_/Users/DELL/Documents/GitHub/curso-lse/workspace_lpc845/sdks/03_light_control_sdk/devices/LPC845/drivers/fsl_sctimer.c.obj
 *fill*         0x00004c93        0x1 
 .rodata        0x00004c94       0xa6 CMakeFiles/new_project.elf.dir/C_/Users/DELL/Documents/GitHub/curso-lse/workspace_lpc845/sdks/03_light_control_sdk/devices/LPC845/drivers/fsl_swm.c.obj
 *fill*         0x00004d3a        0x2 
 .rodata        0x00004d3c       0x3e CMakeFiles/new_project.elf.dir/c4d37973eab7134fad37f7aaf6cab87f/sdks/03_light_control_sdk/devices/LPC845/utilities/debug_console_lite/fsl_assert.c.obj
 *(.rodata*)
 *fill*         0x00004d7a        0x2 
 .rodata.__func__.0
                0x00004d7c       0x13 CMakeFiles/new_project.elf.dir/C_/Users/DELL/Documents/GitHub/curso-lse/workspace_lpc845/03_light_control/main.c.obj
 *fill*         0x00004d8f        0x1 
 .rodata.__func__.0
                0x00004d90       0x17 CMakeFiles/new_project.elf.dir/C_/Users/DELL/Documents/GitHub/curso-lse/workspace_lpc845/03_light_control/clock_config.c.obj
 *fill*         0x00004da7        0x1 
 .rodata.CLOCK_GetFreq
                0x00004da8       0x24 CMakeFiles/new_project.elf.dir/C_/Users/DELL/Documents/GitHub/curso-lse/workspace_lpc845/sdks/03_light_control_sdk/devices/LPC845/drivers/fsl_clock.c.obj
 .rodata.__func__.2
                0x00004dcc       0x13 CMakeFiles/new_project.elf.dir/C_/Users/DELL/Documents/GitHub/curso-lse/workspace_lpc845/sdks/03_light_control_sdk/devices/LPC845/drivers/fsl_clock.c.obj
 *fill*         0x00004ddf        0x1 
 .rodata.s_i2cBases
                0x00004de0       0x10 CMakeFiles/new_project.elf.dir/C_/Users/DELL/Documents/GitHub/curso-lse/workspace_lpc845/sdks/03_light_control_sdk/devices/LPC845/drivers/fsl_i2c.c.obj
 .rodata.s_i2cClocks
                0x00004df0        0x8 CMakeFiles/new_project.elf.dir/C_/Users/DELL/Documents/GitHub/curso-lse/workspace_lpc845/sdks/03_light_control_sdk/devices/LPC845/drivers/fsl_i2c.c.obj
 .rodata.s_i2cResets
                0x00004df8       0x10 CMakeFiles/new_project.elf.dir/C_/Users/DELL/Documents/GitHub/curso-lse/workspace_lpc845/sdks/03_light_control_sdk/devices/LPC845/drivers/fsl_i2c.c.obj
 .rodata.__func__.12
                0x00004e08       0x10 CMakeFiles/new_project.elf.dir/C_/Users/DELL/Documents/GitHub/curso-lse/workspace_lpc845/sdks/03_light_control_sdk/devices/LPC845/drivers/fsl_i2c.c.obj
 .rodata.__func__.11
                0x00004e18       0x18 CMakeFiles/new_project.elf.dir/C_/Users/DELL/Documents/GitHub/curso-lse/workspace_lpc845/sdks/03_light_control_sdk/devices/LPC845/drivers/fsl_i2c.c.obj
 .rodata.__func__.10
                0x00004e30       0x17 CMakeFiles/new_project.elf.dir/C_/Users/DELL/Documents/GitHub/curso-lse/workspace_lpc845/sdks/03_light_control_sdk/devices/LPC845/drivers/fsl_i2c.c.obj
 *fill*         0x00004e47        0x1 
 .rodata.__func__.1
                0x00004e48       0x19 CMakeFiles/new_project.elf.dir/C_/Users/DELL/Documents/GitHub/curso-lse/workspace_lpc845/sdks/03_light_control_sdk/devices/LPC845/drivers/fsl_reset.c.obj
 *fill*         0x00004e61        0x3 
 .rodata.__func__.0
                0x00004e64       0x1b CMakeFiles/new_project.elf.dir/C_/Users/DELL/Documents/GitHub/curso-lse/workspace_lpc845/sdks/03_light_control_sdk/devices/LPC845/drivers/fsl_reset.c.obj
 *fill*         0x00004e7f        0x1 
 .rodata.__func__.10
                0x00004e80       0x14 CMakeFiles/new_project.elf.dir/C_/Users/DELL/Documents/GitHub/curso-lse/workspace_lpc845/sdks/03_light_control_sdk/devices/LPC845/drivers/fsl_sctimer.c.obj
 .rodata.__func__.9
                0x00004e94        0xd CMakeFiles/new_project.elf.dir/C_/Users/DELL/Documents/GitHub/curso-lse/workspace_lpc845/sdks/03_light_control_sdk/devices/LPC845/drivers/fsl_sctimer.c.obj
 *fill*         0x00004ea1        0x3 
 .rodata.__func__.8
                0x00004ea4       0x19 CMakeFiles/new_project.elf.dir/C_/Users/DELL/Documents/GitHub/curso-lse/workspace_lpc845/sdks/03_light_control_sdk/devices/LPC845/drivers/fsl_sctimer.c.obj
 *fill*         0x00004ebd        0x3 
 .rodata.__func__.7
                0x00004ec0       0x11 CMakeFiles/new_project.elf.dir/C_/Users/DELL/Documents/GitHub/curso-lse/workspace_lpc845/sdks/03_light_control_sdk/devices/LPC845/drivers/fsl_sctimer.c.obj
 *fill*         0x00004ed1        0x3 
 .rodata.__func__.6
                0x00004ed4       0x20 CMakeFiles/new_project.elf.dir/C_/Users/DELL/Documents/GitHub/curso-lse/workspace_lpc845/sdks/03_light_control_sdk/devices/LPC845/drivers/fsl_sctimer.c.obj
 .rodata.__func__.5
                0x00004ef4       0x1f CMakeFiles/new_project.elf.dir/C_/Users/DELL/Documents/GitHub/curso-lse/workspace_lpc845/sdks/03_light_control_sdk/devices/LPC845/drivers/fsl_sctimer.c.obj
 *fill*         0x00004f13        0x1 
 .rodata.__func__.4
                0x00004f14       0x1d CMakeFiles/new_project.elf.dir/C_/Users/DELL/Documents/GitHub/curso-lse/workspace_lpc845/sdks/03_light_control_sdk/devices/LPC845/drivers/fsl_sctimer.c.obj
 *fill*         0x00004f31        0x3 
 .rodata.__func__.3
                0x00004f34       0x1b CMakeFiles/new_project.elf.dir/C_/Users/DELL/Documents/GitHub/curso-lse/workspace_lpc845/sdks/03_light_control_sdk/devices/LPC845/drivers/fsl_sctimer.c.obj
 *fill*         0x00004f4f        0x1 
 .rodata.__func__.2
                0x00004f50       0x12 CMakeFiles/new_project.elf.dir/C_/Users/DELL/Documents/GitHub/curso-lse/workspace_lpc845/sdks/03_light_control_sdk/devices/LPC845/drivers/fsl_sctimer.c.obj
 *fill*         0x00004f62        0x2 
 .rodata.__func__.1
                0x00004f64       0x13 CMakeFiles/new_project.elf.dir/C_/Users/DELL/Documents/GitHub/curso-lse/workspace_lpc845/sdks/03_light_control_sdk/devices/LPC845/drivers/fsl_sctimer.c.obj
 *fill*         0x00004f77        0x1 
 .rodata.__func__.1
                0x00004f78       0x18 CMakeFiles/new_project.elf.dir/C_/Users/DELL/Documents/GitHub/curso-lse/workspace_lpc845/sdks/03_light_control_sdk/devices/LPC845/drivers/fsl_swm.c.obj
 .rodata.__aeabi_ddiv
                0x00004f90       0x40 C:/NXP/MCUXpressoIDE_24.12.148/ide/tools/bin/../lib/gcc/arm-none-eabi/13.2.1/thumb/v6-m/nofp\libgcc.a(divdf3.o)
 .rodata._ctype_
                0x00004fd0      0x101 C:/NXP/MCUXpressoIDE_24.12.148/ide/tools/bin/../lib/gcc/arm-none-eabi/13.2.1/thumb/v6-m/nofp\libc_nano.a(libc_a-ctype_.o)
                0x00004fd0                _ctype_
 *(.glue_7)
 .glue_7        0x000050d1        0x0 linker stubs
 *(.glue_7t)
 .glue_7t       0x000050d1        0x0 linker stubs
 *(.eh_frame)
 *fill*         0x000050d1        0x3 
 .eh_frame      0x000050d4        0x0 C:/NXP/MCUXpressoIDE_24.12.148/ide/tools/bin/../lib/gcc/arm-none-eabi/13.2.1/thumb/v6-m/nofp/crtbegin.o
 *(.init)
 .init          0x000050d4        0x4 C:/NXP/MCUXpressoIDE_24.12.148/ide/tools/bin/../lib/gcc/arm-none-eabi/13.2.1/thumb/v6-m/nofp/crti.o
                0x000050d4                _init
 .init          0x000050d8        0x8 C:/NXP/MCUXpressoIDE_24.12.148/ide/tools/bin/../lib/gcc/arm-none-eabi/13.2.1/thumb/v6-m/nofp/crtn.o
 *(.fini)
 .fini          0x000050e0        0x4 C:/NXP/MCUXpressoIDE_24.12.148/ide/tools/bin/../lib/gcc/arm-none-eabi/13.2.1/thumb/v6-m/nofp/crti.o
                0x000050e0                _fini
 .fini          0x000050e4        0x8 C:/NXP/MCUXpressoIDE_24.12.148/ide/tools/bin/../lib/gcc/arm-none-eabi/13.2.1/thumb/v6-m/nofp/crtn.o
                0x000050ec                        . = ALIGN (0x4)

.vfp11_veneer   0x000050ec        0x0
 .vfp11_veneer  0x000050ec        0x0 linker stubs

.v4_bx          0x000050ec        0x0
 .v4_bx         0x000050ec        0x0 linker stubs

.iplt           0x000050ec        0x0
 .iplt          0x000050ec        0x0 C:/NXP/MCUXpressoIDE_24.12.148/ide/tools/bin/../lib/gcc/arm-none-eabi/13.2.1/thumb/v6-m/nofp/crtbegin.o

.ARM.extab
 *(.ARM.extab* .gnu.linkonce.armextab.*)

.ARM            0x000050ec        0x8
                0x000050ec                        __exidx_start = .
 *(.ARM.exidx*)
 .ARM.exidx     0x000050ec        0x8 C:/NXP/MCUXpressoIDE_24.12.148/ide/tools/bin/../lib/gcc/arm-none-eabi/13.2.1/thumb/v6-m/nofp/crt0.o
                                 0x10 (size before relaxing)
 .ARM.exidx.text.__udivmoddi4
                0x000050f4        0x0 C:/NXP/MCUXpressoIDE_24.12.148/ide/tools/bin/../lib/gcc/arm-none-eabi/13.2.1/thumb/v6-m/nofp\libgcc.a(_udivmoddi4.o)
                                  0x8 (size before relaxing)
                0x000050f4                        __exidx_end = .

.rel.dyn        0x000050f4        0x0
 .rel.iplt      0x000050f4        0x0 C:/NXP/MCUXpressoIDE_24.12.148/ide/tools/bin/../lib/gcc/arm-none-eabi/13.2.1/thumb/v6-m/nofp/crtbegin.o

.ctors          0x000050f4        0x0
                0x000050f4                        __CTOR_LIST__ = .
 *crtbegin.o(.ctors)
 *crtbegin?.o(.ctors)
 *(EXCLUDE_FILE(*crtend.o *crtend?.o) .ctors)
 *(SORT_BY_NAME(.ctors.*))
 *(.ctors)
                0x000050f4                        __CTOR_END__ = .

.dtors          0x000050f4        0x0
                0x000050f4                        __DTOR_LIST__ = .
 *crtbegin.o(.dtors)
 *crtbegin?.o(.dtors)
 *(EXCLUDE_FILE(*crtend.o *crtend?.o) .dtors)
 *(SORT_BY_NAME(.dtors.*))
 *(.dtors)
                0x000050f4                        __DTOR_END__ = .

.preinit_array  0x000050f4        0x0
                0x000050f4                        PROVIDE (__preinit_array_start = .)
 *(.preinit_array*)
                0x000050f4                        PROVIDE (__preinit_array_end = .)

.init_array     0x000050f4        0x4
                0x000050f4                        PROVIDE (__init_array_start = .)
 *(SORT_BY_NAME(.init_array.*))
 *(.init_array*)
 .init_array    0x000050f4        0x4 C:/NXP/MCUXpressoIDE_24.12.148/ide/tools/bin/../lib/gcc/arm-none-eabi/13.2.1/thumb/v6-m/nofp/crtbegin.o
                0x000050f8                        PROVIDE (__init_array_end = .)

.fini_array     0x000050f8        0x4
                [!provide]                        PROVIDE (__fini_array_start = .)
 *(SORT_BY_NAME(.fini_array.*))
 *(.fini_array*)
 .fini_array    0x000050f8        0x4 C:/NXP/MCUXpressoIDE_24.12.148/ide/tools/bin/../lib/gcc/arm-none-eabi/13.2.1/thumb/v6-m/nofp/crtbegin.o
                [!provide]                        PROVIDE (__fini_array_end = .)
                0x000050fc                        __etext = .
                0x000050fc                        __DATA_ROM = .

.data           0x10000000       0x54 load address 0x000050fc
                0x10000000                        . = ALIGN (0x4)
                0x10000000                        __DATA_RAM = .
                0x10000000                        __data_start__ = .
 *(.ramfunc*)
 *(.data)
 *(.data*)
 .data.SystemCoreClock
                0x10000000        0x4 CMakeFiles/new_project.elf.dir/C_/Users/DELL/Documents/GitHub/curso-lse/workspace_lpc845/sdks/03_light_control_sdk/devices/LPC845/system_LPC845.c.obj
                0x10000000                SystemCoreClock
 .data._impure_ptr
                0x10000004        0x4 C:/NXP/MCUXpressoIDE_24.12.148/ide/tools/bin/../lib/gcc/arm-none-eabi/13.2.1/thumb/v6-m/nofp\libc_nano.a(libc_a-impure.o)
                0x10000004                _impure_ptr
 .data._impure_data
                0x10000008       0x4c C:/NXP/MCUXpressoIDE_24.12.148/ide/tools/bin/../lib/gcc/arm-none-eabi/13.2.1/thumb/v6-m/nofp\libc_nano.a(libc_a-impure.o)
                0x10000008                _impure_data
 *(.jcr*)
                0x10000054                        . = ALIGN (0x4)
                0x10000054                        __data_end__ = .
                0x00005150                        __DATA_END = (__DATA_ROM + (__data_end__ - __data_start__))
                0x00010000                        text_end = (ORIGIN (m_text) + LENGTH (m_text))
                0x00000001                        ASSERT ((__DATA_END <= text_end), region m_text overflowed with text and data)

.tm_clone_table
                0x10000054        0x0 load address 0x00005150
 .tm_clone_table
                0x10000054        0x0 C:/NXP/MCUXpressoIDE_24.12.148/ide/tools/bin/../lib/gcc/arm-none-eabi/13.2.1/thumb/v6-m/nofp/crtbegin.o
 .tm_clone_table
                0x10000054        0x0 C:/NXP/MCUXpressoIDE_24.12.148/ide/tools/bin/../lib/gcc/arm-none-eabi/13.2.1/thumb/v6-m/nofp/crtend.o

.igot.plt       0x10000054        0x0 load address 0x00005150
 .igot.plt      0x10000054        0x0 C:/NXP/MCUXpressoIDE_24.12.148/ide/tools/bin/../lib/gcc/arm-none-eabi/13.2.1/thumb/v6-m/nofp/crtbegin.o

.bss            0x10000054      0x1d8 load address 0x00005150
                0x10000054                        . = ALIGN (0x4)
                0x10000054                        __START_BSS = .
                0x10000054                        __bss_start__ = .
 *(.bss)
 *(.bss*)
 .bss.completed.1
                0x10000054        0x1 C:/NXP/MCUXpressoIDE_24.12.148/ide/tools/bin/../lib/gcc/arm-none-eabi/13.2.1/thumb/v6-m/nofp/crtbegin.o
 *fill*         0x10000055        0x3 
 .bss.object.0  0x10000058       0x18 C:/NXP/MCUXpressoIDE_24.12.148/ide/tools/bin/../lib/gcc/arm-none-eabi/13.2.1/thumb/v6-m/nofp/crtbegin.o
 .bss.g_Ext_Clk_Freq
                0x10000070        0x4 CMakeFiles/new_project.elf.dir/C_/Users/DELL/Documents/GitHub/curso-lse/workspace_lpc845/sdks/03_light_control_sdk/devices/LPC845/drivers/fsl_clock.c.obj
                0x10000070                g_Ext_Clk_Freq
 .bss.g_Wdt_Osc_Freq
                0x10000074        0x4 CMakeFiles/new_project.elf.dir/C_/Users/DELL/Documents/GitHub/curso-lse/workspace_lpc845/sdks/03_light_control_sdk/devices/LPC845/drivers/fsl_clock.c.obj
                0x10000074                g_Wdt_Osc_Freq
 .bss.s_i2cHandle
                0x10000078       0x10 CMakeFiles/new_project.elf.dir/C_/Users/DELL/Documents/GitHub/curso-lse/workspace_lpc845/sdks/03_light_control_sdk/devices/LPC845/drivers/fsl_i2c.c.obj
 .bss.s_i2cMasterIsr
                0x10000088        0x4 CMakeFiles/new_project.elf.dir/C_/Users/DELL/Documents/GitHub/curso-lse/workspace_lpc845/sdks/03_light_control_sdk/devices/LPC845/drivers/fsl_i2c.c.obj
 .bss.s_i2cSlaveIsr
                0x1000008c        0x4 CMakeFiles/new_project.elf.dir/C_/Users/DELL/Documents/GitHub/curso-lse/workspace_lpc845/sdks/03_light_control_sdk/devices/LPC845/drivers/fsl_i2c.c.obj
 .bss.s_usartHandle
                0x10000090       0x14 CMakeFiles/new_project.elf.dir/C_/Users/DELL/Documents/GitHub/curso-lse/workspace_lpc845/sdks/03_light_control_sdk/devices/LPC845/drivers/fsl_usart.c.obj
 .bss.s_usartIsr
                0x100000a4        0x4 CMakeFiles/new_project.elf.dir/C_/Users/DELL/Documents/GitHub/curso-lse/workspace_lpc845/sdks/03_light_control_sdk/devices/LPC845/drivers/fsl_usart.c.obj
 .bss.s_eventCallback
                0x100000a8       0x20 CMakeFiles/new_project.elf.dir/C_/Users/DELL/Documents/GitHub/curso-lse/workspace_lpc845/sdks/03_light_control_sdk/devices/LPC845/drivers/fsl_sctimer.c.obj
 .bss.s_currentEvent
                0x100000c8        0x4 CMakeFiles/new_project.elf.dir/C_/Users/DELL/Documents/GitHub/curso-lse/workspace_lpc845/sdks/03_light_control_sdk/devices/LPC845/drivers/fsl_sctimer.c.obj
 .bss.s_currentState
                0x100000cc        0x4 CMakeFiles/new_project.elf.dir/C_/Users/DELL/Documents/GitHub/curso-lse/workspace_lpc845/sdks/03_light_control_sdk/devices/LPC845/drivers/fsl_sctimer.c.obj
 .bss.s_currentMatch
                0x100000d0        0x4 CMakeFiles/new_project.elf.dir/C_/Users/DELL/Documents/GitHub/curso-lse/workspace_lpc845/sdks/03_light_control_sdk/devices/LPC845/drivers/fsl_sctimer.c.obj
 .bss.s_currentMatchhigh
                0x100000d4        0x4 CMakeFiles/new_project.elf.dir/C_/Users/DELL/Documents/GitHub/curso-lse/workspace_lpc845/sdks/03_light_control_sdk/devices/LPC845/drivers/fsl_sctimer.c.obj
 .bss.s_sctimerIsr
                0x100000d8        0x4 CMakeFiles/new_project.elf.dir/C_/Users/DELL/Documents/GitHub/curso-lse/workspace_lpc845/sdks/03_light_control_sdk/devices/LPC845/drivers/fsl_sctimer.c.obj
 .bss.s_debugConsole
                0x100000dc       0x14 CMakeFiles/new_project.elf.dir/c4d37973eab7134fad37f7aaf6cab87f/sdks/03_light_control_sdk/devices/LPC845/utilities/debug_console_lite/fsl_debug_console.c.obj
 .bss.__sf      0x100000f0      0x138 C:/NXP/MCUXpressoIDE_24.12.148/ide/tools/bin/../lib/gcc/arm-none-eabi/13.2.1/thumb/v6-m/nofp\libc_nano.a(libc_a-findfp.o)
                0x100000f0                __sf
 .bss.__stdio_exit_handler
                0x10000228        0x4 C:/NXP/MCUXpressoIDE_24.12.148/ide/tools/bin/../lib/gcc/arm-none-eabi/13.2.1/thumb/v6-m/nofp\libc_nano.a(libc_a-findfp.o)
                0x10000228                __stdio_exit_handler
 *(COMMON)
                0x1000022c                        . = ALIGN (0x4)
                0x1000022c                        __bss_end__ = .
                0x1000022c                        __END_BSS = .

.heap           0x1000022c      0x404 load address 0x00005328
                0x10000230                        . = ALIGN (0x8)
 *fill*         0x1000022c        0x4 
                0x10000230                        __end__ = .
                0x10000230                        PROVIDE (end = .)
                0x10000230                        __HeapBase = .
                0x10000630                        . = (. + HEAP_SIZE)
 *fill*         0x10000230      0x400 
                0x10000630                        __HeapLimit = .
                0x10000630                        __heap_limit = .

.stack          0x10000630      0x800 load address 0x0000572c
                0x10000630                        . = ALIGN (0x8)
                0x10000e30                        . = (. + STACK_SIZE)
 *fill*         0x10000630      0x800 
                0x10003fe0                        __StackTop = (ORIGIN (m_data) + LENGTH (m_data))
                0x100037e0                        __StackLimit = (__StackTop - STACK_SIZE)
                0x10003fe0                        PROVIDE (__stack = __StackTop)

.ARM.attributes
                0x00000000       0x28
 *(.ARM.attributes)
 .ARM.attributes
                0x00000000       0x1e C:/NXP/MCUXpressoIDE_24.12.148/ide/tools/bin/../lib/gcc/arm-none-eabi/13.2.1/thumb/v6-m/nofp/crti.o
 .ARM.attributes
                0x0000001e       0x2c C:/NXP/MCUXpressoIDE_24.12.148/ide/tools/bin/../lib/gcc/arm-none-eabi/13.2.1/thumb/v6-m/nofp/crtbegin.o
 .ARM.attributes
                0x0000004a       0x1b C:/NXP/MCUXpressoIDE_24.12.148/ide/tools/bin/../lib/gcc/arm-none-eabi/13.2.1/thumb/v6-m/nofp/crt0.o
 .ARM.attributes
                0x00000065       0x2c CMakeFiles/new_project.elf.dir/C_/Users/DELL/Documents/GitHub/curso-lse/workspace_lpc845/03_light_control/main.c.obj
 .ARM.attributes
                0x00000091       0x2c CMakeFiles/new_project.elf.dir/C_/Users/DELL/Documents/GitHub/curso-lse/workspace_lpc845/03_light_control/clock_config.c.obj
 .ARM.attributes
                0x000000bd       0x1b CMakeFiles/new_project.elf.dir/C_/Users/DELL/Documents/GitHub/curso-lse/workspace_lpc845/sdks/03_light_control_sdk/devices/LPC845/gcc/startup_LPC845.S.obj
 .ARM.attributes
                0x000000d8       0x2c CMakeFiles/new_project.elf.dir/C_/Users/DELL/Documents/GitHub/curso-lse/workspace_lpc845/sdks/03_light_control_sdk/devices/LPC845/system_LPC845.c.obj
 .ARM.attributes
                0x00000104       0x2c CMakeFiles/new_project.elf.dir/C_/Users/DELL/Documents/GitHub/curso-lse/workspace_lpc845/sdks/03_light_control_sdk/devices/LPC845/drivers/fsl_clock.c.obj
 .ARM.attributes
                0x00000130       0x2c CMakeFiles/new_project.elf.dir/C_/Users/DELL/Documents/GitHub/curso-lse/workspace_lpc845/sdks/03_light_control_sdk/devices/LPC845/drivers/fsl_i2c.c.obj
 .ARM.attributes
                0x0000015c       0x2c CMakeFiles/new_project.elf.dir/C_/Users/DELL/Documents/GitHub/curso-lse/workspace_lpc845/sdks/03_light_control_sdk/devices/LPC845/drivers/fsl_usart.c.obj
 .ARM.attributes
                0x00000188       0x2c CMakeFiles/new_project.elf.dir/C_/Users/DELL/Documents/GitHub/curso-lse/workspace_lpc845/sdks/03_light_control_sdk/devices/LPC845/drivers/fsl_reset.c.obj
 .ARM.attributes
                0x000001b4       0x2c CMakeFiles/new_project.elf.dir/C_/Users/DELL/Documents/GitHub/curso-lse/workspace_lpc845/sdks/03_light_control_sdk/devices/LPC845/drivers/fsl_sctimer.c.obj
 .ARM.attributes
                0x000001e0       0x2c CMakeFiles/new_project.elf.dir/C_/Users/DELL/Documents/GitHub/curso-lse/workspace_lpc845/sdks/03_light_control_sdk/devices/LPC845/drivers/fsl_swm.c.obj
 .ARM.attributes
                0x0000020c       0x2c CMakeFiles/new_project.elf.dir/c4d37973eab7134fad37f7aaf6cab87f/sdks/03_light_control_sdk/devices/LPC845/utilities/debug_console_lite/fsl_assert.c.obj
 .ARM.attributes
                0x00000238       0x2c CMakeFiles/new_project.elf.dir/c4d37973eab7134fad37f7aaf6cab87f/sdks/03_light_control_sdk/devices/LPC845/utilities/debug_console_lite/fsl_debug_console.c.obj
 .ARM.attributes
                0x00000264       0x2c CMakeFiles/new_project.elf.dir/C_/Users/DELL/Documents/GitHub/curso-lse/workspace_lpc845/sdks/03_light_control_sdk/devices/LPC845/utilities/str/fsl_str.c.obj
 .ARM.attributes
                0x00000290       0x1e C:/NXP/MCUXpressoIDE_24.12.148/ide/tools/bin/../lib/gcc/arm-none-eabi/13.2.1/thumb/v6-m/nofp\libgcc.a(_udivsi3.o)
 .ARM.attributes
                0x000002ae       0x1e C:/NXP/MCUXpressoIDE_24.12.148/ide/tools/bin/../lib/gcc/arm-none-eabi/13.2.1/thumb/v6-m/nofp\libgcc.a(_dvmd_tls.o)
 .ARM.attributes
                0x000002cc       0x1e C:/NXP/MCUXpressoIDE_24.12.148/ide/tools/bin/../lib/gcc/arm-none-eabi/13.2.1/thumb/v6-m/nofp\libgcc.a(_aeabi_uldivmod.o)
 .ARM.attributes
                0x000002ea       0x2c C:/NXP/MCUXpressoIDE_24.12.148/ide/tools/bin/../lib/gcc/arm-none-eabi/13.2.1/thumb/v6-m/nofp\libgcc.a(_muldi3.o)
 .ARM.attributes
                0x00000316       0x2c C:/NXP/MCUXpressoIDE_24.12.148/ide/tools/bin/../lib/gcc/arm-none-eabi/13.2.1/thumb/v6-m/nofp\libgcc.a(_fixunssfsi.o)
 .ARM.attributes
                0x00000342       0x2c C:/NXP/MCUXpressoIDE_24.12.148/ide/tools/bin/../lib/gcc/arm-none-eabi/13.2.1/thumb/v6-m/nofp\libgcc.a(_udivmoddi4.o)
 .ARM.attributes
                0x0000036e       0x2c C:/NXP/MCUXpressoIDE_24.12.148/ide/tools/bin/../lib/gcc/arm-none-eabi/13.2.1/thumb/v6-m/nofp\libgcc.a(subsf3.o)
 .ARM.attributes
                0x0000039a       0x2c C:/NXP/MCUXpressoIDE_24.12.148/ide/tools/bin/../lib/gcc/arm-none-eabi/13.2.1/thumb/v6-m/nofp\libgcc.a(fixsfsi.o)
 .ARM.attributes
                0x000003c6       0x2c C:/NXP/MCUXpressoIDE_24.12.148/ide/tools/bin/../lib/gcc/arm-none-eabi/13.2.1/thumb/v6-m/nofp\libgcc.a(divdf3.o)
 .ARM.attributes
                0x000003f2       0x2c C:/NXP/MCUXpressoIDE_24.12.148/ide/tools/bin/../lib/gcc/arm-none-eabi/13.2.1/thumb/v6-m/nofp\libgcc.a(floatsidf.o)
 .ARM.attributes
                0x0000041e       0x2c C:/NXP/MCUXpressoIDE_24.12.148/ide/tools/bin/../lib/gcc/arm-none-eabi/13.2.1/thumb/v6-m/nofp\libgcc.a(truncdfsf2.o)
 .ARM.attributes
                0x0000044a       0x1e C:/NXP/MCUXpressoIDE_24.12.148/ide/tools/bin/../lib/gcc/arm-none-eabi/13.2.1/thumb/v6-m/nofp\libgcc.a(_arm_cmpsf2.o)
 .ARM.attributes
                0x00000468       0x1e C:/NXP/MCUXpressoIDE_24.12.148/ide/tools/bin/../lib/gcc/arm-none-eabi/13.2.1/thumb/v6-m/nofp\libgcc.a(_clzsi2.o)
 .ARM.attributes
                0x00000486       0x1e C:/NXP/MCUXpressoIDE_24.12.148/ide/tools/bin/../lib/gcc/arm-none-eabi/13.2.1/thumb/v6-m/nofp\libgcc.a(_clzdi2.o)
 .ARM.attributes
                0x000004a4       0x2c C:/NXP/MCUXpressoIDE_24.12.148/ide/tools/bin/../lib/gcc/arm-none-eabi/13.2.1/thumb/v6-m/nofp\libgcc.a(eqsf2.o)
 .ARM.attributes
                0x000004d0       0x2c C:/NXP/MCUXpressoIDE_24.12.148/ide/tools/bin/../lib/gcc/arm-none-eabi/13.2.1/thumb/v6-m/nofp\libgcc.a(gesf2.o)
 .ARM.attributes
                0x000004fc       0x2c C:/NXP/MCUXpressoIDE_24.12.148/ide/tools/bin/../lib/gcc/arm-none-eabi/13.2.1/thumb/v6-m/nofp\libgcc.a(lesf2.o)
 .ARM.attributes
                0x00000528       0x2c C:/NXP/MCUXpressoIDE_24.12.148/ide/tools/bin/../lib/gcc/arm-none-eabi/13.2.1/thumb/v6-m/nofp\libc_nano.a(libc_a-exit.o)
 .ARM.attributes
                0x00000554       0x2c C:/NXP/MCUXpressoIDE_24.12.148/ide/tools/bin/../lib/gcc/arm-none-eabi/13.2.1/thumb/v6-m/nofp\libc_nano.a(libc_a-strtoul.o)
 .ARM.attributes
                0x00000580       0x2c C:/NXP/MCUXpressoIDE_24.12.148/ide/tools/bin/../lib/gcc/arm-none-eabi/13.2.1/thumb/v6-m/nofp\libc_nano.a(libc_a-ctype_.o)
 .ARM.attributes
                0x000005ac       0x2c C:/NXP/MCUXpressoIDE_24.12.148/ide/tools/bin/../lib/gcc/arm-none-eabi/13.2.1/thumb/v6-m/nofp\libc_nano.a(libc_a-findfp.o)
 .ARM.attributes
                0x000005d8       0x2c C:/NXP/MCUXpressoIDE_24.12.148/ide/tools/bin/../lib/gcc/arm-none-eabi/13.2.1/thumb/v6-m/nofp\libc_nano.a(libc_a-memset.o)
 .ARM.attributes
                0x00000604       0x2c C:/NXP/MCUXpressoIDE_24.12.148/ide/tools/bin/../lib/gcc/arm-none-eabi/13.2.1/thumb/v6-m/nofp\libc_nano.a(libc_a-impure.o)
 .ARM.attributes
                0x00000630       0x2c C:/NXP/MCUXpressoIDE_24.12.148/ide/tools/bin/../lib/gcc/arm-none-eabi/13.2.1/thumb/v6-m/nofp\libc_nano.a(libc_a-errno.o)
 .ARM.attributes
                0x0000065c       0x2c C:/NXP/MCUXpressoIDE_24.12.148/ide/tools/bin/../lib/gcc/arm-none-eabi/13.2.1/thumb/v6-m/nofp\libc_nano.a(libc_a-init.o)
 .ARM.attributes
                0x00000688       0x2c C:/NXP/MCUXpressoIDE_24.12.148/ide/tools/bin/../lib/gcc/arm-none-eabi/13.2.1/thumb/v6-m/nofp\libc_nano.a(libc_a-memcpy-stub.o)
 .ARM.attributes
                0x000006b4       0x1c C:/NXP/MCUXpressoIDE_24.12.148/ide/tools/bin/../lib/gcc/arm-none-eabi/13.2.1/thumb/v6-m/nofp\libc_nano.a(libc_a-strlen.o)
 .ARM.attributes
                0x000006d0       0x2c C:/NXP/MCUXpressoIDE_24.12.148/ide/tools/bin/../lib/gcc/arm-none-eabi/13.2.1/../../../../arm-none-eabi/lib/thumb/v6-m/nofp\libcr_newlib_nohost.a(_exit.o)
 .ARM.attributes
                0x000006fc       0x2c C:/NXP/MCUXpressoIDE_24.12.148/ide/tools/bin/../lib/gcc/arm-none-eabi/13.2.1/thumb/v6-m/nofp/crtend.o
 .ARM.attributes
                0x00000728       0x1e C:/NXP/MCUXpressoIDE_24.12.148/ide/tools/bin/../lib/gcc/arm-none-eabi/13.2.1/thumb/v6-m/nofp/crtn.o
                0x00000001                        ASSERT ((__StackLimit >= __HeapLimit), region m_data overflowed with stack and heap)
OUTPUT(new_project.elf elf32-littlearm)
LOAD linker stubs

.debug_line_str
                0x00000000      0x35e
 .debug_line_str
                0x00000000      0x35e C:/NXP/MCUXpressoIDE_24.12.148/ide/tools/bin/../lib/gcc/arm-none-eabi/13.2.1/thumb/v6-m/nofp/crt0.o
                                 0xd2 (size before relaxing)
 .debug_line_str
                0x0000035e       0xd0 CMakeFiles/new_project.elf.dir/C_/Users/DELL/Documents/GitHub/curso-lse/workspace_lpc845/sdks/03_light_control_sdk/devices/LPC845/gcc/startup_LPC845.S.obj
 .debug_line_str
                0x0000035e       0xc9 C:/NXP/MCUXpressoIDE_24.12.148/ide/tools/bin/../lib/gcc/arm-none-eabi/13.2.1/thumb/v6-m/nofp\libgcc.a(_udivsi3.o)
 .debug_line_str
                0x0000035e       0xc9 C:/NXP/MCUXpressoIDE_24.12.148/ide/tools/bin/../lib/gcc/arm-none-eabi/13.2.1/thumb/v6-m/nofp\libgcc.a(_dvmd_tls.o)
 .debug_line_str
                0x0000035e       0xc9 C:/NXP/MCUXpressoIDE_24.12.148/ide/tools/bin/../lib/gcc/arm-none-eabi/13.2.1/thumb/v6-m/nofp\libgcc.a(_aeabi_uldivmod.o)
 .debug_line_str
                0x0000035e       0xc9 C:/NXP/MCUXpressoIDE_24.12.148/ide/tools/bin/../lib/gcc/arm-none-eabi/13.2.1/thumb/v6-m/nofp\libgcc.a(_arm_cmpsf2.o)
 .debug_line_str
                0x0000035e       0xc9 C:/NXP/MCUXpressoIDE_24.12.148/ide/tools/bin/../lib/gcc/arm-none-eabi/13.2.1/thumb/v6-m/nofp\libgcc.a(_clzsi2.o)
 .debug_line_str
                0x0000035e       0xc9 C:/NXP/MCUXpressoIDE_24.12.148/ide/tools/bin/../lib/gcc/arm-none-eabi/13.2.1/thumb/v6-m/nofp\libgcc.a(_clzdi2.o)
 .debug_line_str
                0x0000035e       0xe7 C:/NXP/MCUXpressoIDE_24.12.148/ide/tools/bin/../lib/gcc/arm-none-eabi/13.2.1/thumb/v6-m/nofp\libc_nano.a(libc_a-strlen.o)

.debug_info     0x00000000     0xce32
 .debug_info    0x00000000     0x1af5 CMakeFiles/new_project.elf.dir/C_/Users/DELL/Documents/GitHub/curso-lse/workspace_lpc845/03_light_control/main.c.obj
 .debug_info    0x00001af5      0xa3e CMakeFiles/new_project.elf.dir/C_/Users/DELL/Documents/GitHub/curso-lse/workspace_lpc845/03_light_control/clock_config.c.obj
 .debug_info    0x00002533      0x37b CMakeFiles/new_project.elf.dir/C_/Users/DELL/Documents/GitHub/curso-lse/workspace_lpc845/sdks/03_light_control_sdk/devices/LPC845/gcc/startup_LPC845.S.obj
 .debug_info    0x000028ae      0x60e CMakeFiles/new_project.elf.dir/C_/Users/DELL/Documents/GitHub/curso-lse/workspace_lpc845/sdks/03_light_control_sdk/devices/LPC845/system_LPC845.c.obj
 .debug_info    0x00002ebc     0x12f9 CMakeFiles/new_project.elf.dir/C_/Users/DELL/Documents/GitHub/curso-lse/workspace_lpc845/sdks/03_light_control_sdk/devices/LPC845/drivers/fsl_clock.c.obj
 .debug_info    0x000041b5     0x272b CMakeFiles/new_project.elf.dir/C_/Users/DELL/Documents/GitHub/curso-lse/workspace_lpc845/sdks/03_light_control_sdk/devices/LPC845/drivers/fsl_i2c.c.obj
 .debug_info    0x000068e0     0x1dce CMakeFiles/new_project.elf.dir/C_/Users/DELL/Documents/GitHub/curso-lse/workspace_lpc845/sdks/03_light_control_sdk/devices/LPC845/drivers/fsl_usart.c.obj
 .debug_info    0x000086ae      0x719 CMakeFiles/new_project.elf.dir/C_/Users/DELL/Documents/GitHub/curso-lse/workspace_lpc845/sdks/03_light_control_sdk/devices/LPC845/drivers/fsl_reset.c.obj
 .debug_info    0x00008dc7     0x1d80 CMakeFiles/new_project.elf.dir/C_/Users/DELL/Documents/GitHub/curso-lse/workspace_lpc845/sdks/03_light_control_sdk/devices/LPC845/drivers/fsl_sctimer.c.obj
 .debug_info    0x0000ab47      0x76a CMakeFiles/new_project.elf.dir/C_/Users/DELL/Documents/GitHub/curso-lse/workspace_lpc845/sdks/03_light_control_sdk/devices/LPC845/drivers/fsl_swm.c.obj
 .debug_info    0x0000b2b1      0x126 CMakeFiles/new_project.elf.dir/c4d37973eab7134fad37f7aaf6cab87f/sdks/03_light_control_sdk/devices/LPC845/utilities/debug_console_lite/fsl_assert.c.obj
 .debug_info    0x0000b3d7      0xcd3 CMakeFiles/new_project.elf.dir/c4d37973eab7134fad37f7aaf6cab87f/sdks/03_light_control_sdk/devices/LPC845/utilities/debug_console_lite/fsl_debug_console.c.obj
 .debug_info    0x0000c0aa      0xce5 CMakeFiles/new_project.elf.dir/C_/Users/DELL/Documents/GitHub/curso-lse/workspace_lpc845/sdks/03_light_control_sdk/devices/LPC845/utilities/str/fsl_str.c.obj
 .debug_info    0x0000cd8f       0xa3 C:/NXP/MCUXpressoIDE_24.12.148/ide/tools/bin/../lib/gcc/arm-none-eabi/13.2.1/../../../../arm-none-eabi/lib/thumb/v6-m/nofp\libcr_newlib_nohost.a(_exit.o)

.debug_abbrev   0x00000000     0x1e41
 .debug_abbrev  0x00000000      0x334 CMakeFiles/new_project.elf.dir/C_/Users/DELL/Documents/GitHub/curso-lse/workspace_lpc845/03_light_control/main.c.obj
 .debug_abbrev  0x00000334      0x270 CMakeFiles/new_project.elf.dir/C_/Users/DELL/Documents/GitHub/curso-lse/workspace_lpc845/03_light_control/clock_config.c.obj
 .debug_abbrev  0x000005a4       0x26 CMakeFiles/new_project.elf.dir/C_/Users/DELL/Documents/GitHub/curso-lse/workspace_lpc845/sdks/03_light_control_sdk/devices/LPC845/gcc/startup_LPC845.S.obj
 .debug_abbrev  0x000005ca      0x16b CMakeFiles/new_project.elf.dir/C_/Users/DELL/Documents/GitHub/curso-lse/workspace_lpc845/sdks/03_light_control_sdk/devices/LPC845/system_LPC845.c.obj
 .debug_abbrev  0x00000735      0x343 CMakeFiles/new_project.elf.dir/C_/Users/DELL/Documents/GitHub/curso-lse/workspace_lpc845/sdks/03_light_control_sdk/devices/LPC845/drivers/fsl_clock.c.obj
 .debug_abbrev  0x00000a78      0x3e8 CMakeFiles/new_project.elf.dir/C_/Users/DELL/Documents/GitHub/curso-lse/workspace_lpc845/sdks/03_light_control_sdk/devices/LPC845/drivers/fsl_i2c.c.obj
 .debug_abbrev  0x00000e60      0x38f CMakeFiles/new_project.elf.dir/C_/Users/DELL/Documents/GitHub/curso-lse/workspace_lpc845/sdks/03_light_control_sdk/devices/LPC845/drivers/fsl_usart.c.obj
 .debug_abbrev  0x000011ef      0x153 CMakeFiles/new_project.elf.dir/C_/Users/DELL/Documents/GitHub/curso-lse/workspace_lpc845/sdks/03_light_control_sdk/devices/LPC845/drivers/fsl_reset.c.obj
 .debug_abbrev  0x00001342      0x3bb CMakeFiles/new_project.elf.dir/C_/Users/DELL/Documents/GitHub/curso-lse/workspace_lpc845/sdks/03_light_control_sdk/devices/LPC845/drivers/fsl_sctimer.c.obj
 .debug_abbrev  0x000016fd      0x180 CMakeFiles/new_project.elf.dir/C_/Users/DELL/Documents/GitHub/curso-lse/workspace_lpc845/sdks/03_light_control_sdk/devices/LPC845/drivers/fsl_swm.c.obj
 .debug_abbrev  0x0000187d       0xa8 CMakeFiles/new_project.elf.dir/c4d37973eab7134fad37f7aaf6cab87f/sdks/03_light_control_sdk/devices/LPC845/utilities/debug_console_lite/fsl_assert.c.obj
 .debug_abbrev  0x00001925      0x242 CMakeFiles/new_project.elf.dir/c4d37973eab7134fad37f7aaf6cab87f/sdks/03_light_control_sdk/devices/LPC845/utilities/debug_console_lite/fsl_debug_console.c.obj
 .debug_abbrev  0x00001b67      0x273 CMakeFiles/new_project.elf.dir/C_/Users/DELL/Documents/GitHub/curso-lse/workspace_lpc845/sdks/03_light_control_sdk/devices/LPC845/utilities/str/fsl_str.c.obj
 .debug_abbrev  0x00001dda       0x67 C:/NXP/MCUXpressoIDE_24.12.148/ide/tools/bin/../lib/gcc/arm-none-eabi/13.2.1/../../../../arm-none-eabi/lib/thumb/v6-m/nofp\libcr_newlib_nohost.a(_exit.o)

.debug_aranges  0x00000000      0x7a8
 .debug_aranges
                0x00000000       0x40 CMakeFiles/new_project.elf.dir/C_/Users/DELL/Documents/GitHub/curso-lse/workspace_lpc845/03_light_control/main.c.obj
 .debug_aranges
                0x00000040       0x60 CMakeFiles/new_project.elf.dir/C_/Users/DELL/Documents/GitHub/curso-lse/workspace_lpc845/03_light_control/clock_config.c.obj
 .debug_aranges
                0x000000a0       0x20 CMakeFiles/new_project.elf.dir/C_/Users/DELL/Documents/GitHub/curso-lse/workspace_lpc845/sdks/03_light_control_sdk/devices/LPC845/gcc/startup_LPC845.S.obj
 .debug_aranges
                0x000000c0       0x30 CMakeFiles/new_project.elf.dir/C_/Users/DELL/Documents/GitHub/curso-lse/workspace_lpc845/sdks/03_light_control_sdk/devices/LPC845/system_LPC845.c.obj
 .debug_aranges
                0x000000f0      0x108 CMakeFiles/new_project.elf.dir/C_/Users/DELL/Documents/GitHub/curso-lse/workspace_lpc845/sdks/03_light_control_sdk/devices/LPC845/drivers/fsl_clock.c.obj
 .debug_aranges
                0x000001f8      0x1c0 CMakeFiles/new_project.elf.dir/C_/Users/DELL/Documents/GitHub/curso-lse/workspace_lpc845/sdks/03_light_control_sdk/devices/LPC845/drivers/fsl_i2c.c.obj
 .debug_aranges
                0x000003b8      0x128 CMakeFiles/new_project.elf.dir/C_/Users/DELL/Documents/GitHub/curso-lse/workspace_lpc845/sdks/03_light_control_sdk/devices/LPC845/drivers/fsl_usart.c.obj
 .debug_aranges
                0x000004e0       0x30 CMakeFiles/new_project.elf.dir/C_/Users/DELL/Documents/GitHub/curso-lse/workspace_lpc845/sdks/03_light_control_sdk/devices/LPC845/drivers/fsl_reset.c.obj
 .debug_aranges
                0x00000510       0xc8 CMakeFiles/new_project.elf.dir/C_/Users/DELL/Documents/GitHub/curso-lse/workspace_lpc845/sdks/03_light_control_sdk/devices/LPC845/drivers/fsl_sctimer.c.obj
 .debug_aranges
                0x000005d8       0x28 CMakeFiles/new_project.elf.dir/C_/Users/DELL/Documents/GitHub/curso-lse/workspace_lpc845/sdks/03_light_control_sdk/devices/LPC845/drivers/fsl_swm.c.obj
 .debug_aranges
                0x00000600       0x28 CMakeFiles/new_project.elf.dir/c4d37973eab7134fad37f7aaf6cab87f/sdks/03_light_control_sdk/devices/LPC845/utilities/debug_console_lite/fsl_assert.c.obj
 .debug_aranges
                0x00000628       0x78 CMakeFiles/new_project.elf.dir/c4d37973eab7134fad37f7aaf6cab87f/sdks/03_light_control_sdk/devices/LPC845/utilities/debug_console_lite/fsl_debug_console.c.obj
 .debug_aranges
                0x000006a0       0xe8 CMakeFiles/new_project.elf.dir/C_/Users/DELL/Documents/GitHub/curso-lse/workspace_lpc845/sdks/03_light_control_sdk/devices/LPC845/utilities/str/fsl_str.c.obj
 .debug_aranges
                0x00000788       0x20 C:/NXP/MCUXpressoIDE_24.12.148/ide/tools/bin/../lib/gcc/arm-none-eabi/13.2.1/../../../../arm-none-eabi/lib/thumb/v6-m/nofp\libcr_newlib_nohost.a(_exit.o)

.debug_rnglists
                0x00000000      0x5d3
 .debug_rnglists
                0x00000000       0x2d CMakeFiles/new_project.elf.dir/C_/Users/DELL/Documents/GitHub/curso-lse/workspace_lpc845/03_light_control/main.c.obj
 .debug_rnglists
                0x0000002d       0x43 CMakeFiles/new_project.elf.dir/C_/Users/DELL/Documents/GitHub/curso-lse/workspace_lpc845/03_light_control/clock_config.c.obj
 .debug_rnglists
                0x00000070       0x20 CMakeFiles/new_project.elf.dir/C_/Users/DELL/Documents/GitHub/curso-lse/workspace_lpc845/sdks/03_light_control_sdk/devices/LPC845/system_LPC845.c.obj
 .debug_rnglists
                0x00000090       0xc9 CMakeFiles/new_project.elf.dir/C_/Users/DELL/Documents/GitHub/curso-lse/workspace_lpc845/sdks/03_light_control_sdk/devices/LPC845/drivers/fsl_clock.c.obj
 .debug_rnglists
                0x00000159      0x188 CMakeFiles/new_project.elf.dir/C_/Users/DELL/Documents/GitHub/curso-lse/workspace_lpc845/sdks/03_light_control_sdk/devices/LPC845/drivers/fsl_i2c.c.obj
 .debug_rnglists
                0x000002e1       0xe2 CMakeFiles/new_project.elf.dir/C_/Users/DELL/Documents/GitHub/curso-lse/workspace_lpc845/sdks/03_light_control_sdk/devices/LPC845/drivers/fsl_usart.c.obj
 .debug_rnglists
                0x000003c3       0x1f CMakeFiles/new_project.elf.dir/C_/Users/DELL/Documents/GitHub/curso-lse/workspace_lpc845/sdks/03_light_control_sdk/devices/LPC845/drivers/fsl_reset.c.obj
 .debug_rnglists
                0x000003e2       0x9a CMakeFiles/new_project.elf.dir/C_/Users/DELL/Documents/GitHub/curso-lse/workspace_lpc845/sdks/03_light_control_sdk/devices/LPC845/drivers/fsl_sctimer.c.obj
 .debug_rnglists
                0x0000047c       0x1b CMakeFiles/new_project.elf.dir/C_/Users/DELL/Documents/GitHub/curso-lse/workspace_lpc845/sdks/03_light_control_sdk/devices/LPC845/drivers/fsl_swm.c.obj
 .debug_rnglists
                0x00000497       0x19 CMakeFiles/new_project.elf.dir/c4d37973eab7134fad37f7aaf6cab87f/sdks/03_light_control_sdk/devices/LPC845/utilities/debug_console_lite/fsl_assert.c.obj
 .debug_rnglists
                0x000004b0       0x59 CMakeFiles/new_project.elf.dir/c4d37973eab7134fad37f7aaf6cab87f/sdks/03_light_control_sdk/devices/LPC845/utilities/debug_console_lite/fsl_debug_console.c.obj
 .debug_rnglists
                0x00000509       0xca CMakeFiles/new_project.elf.dir/C_/Users/DELL/Documents/GitHub/curso-lse/workspace_lpc845/sdks/03_light_control_sdk/devices/LPC845/utilities/str/fsl_str.c.obj

.debug_line     0x00000000     0x5f51
 .debug_line    0x00000000      0x5ca CMakeFiles/new_project.elf.dir/C_/Users/DELL/Documents/GitHub/curso-lse/workspace_lpc845/03_light_control/main.c.obj
 .debug_line    0x000005ca      0x429 CMakeFiles/new_project.elf.dir/C_/Users/DELL/Documents/GitHub/curso-lse/workspace_lpc845/03_light_control/clock_config.c.obj
 .debug_line    0x000009f3      0x136 CMakeFiles/new_project.elf.dir/C_/Users/DELL/Documents/GitHub/curso-lse/workspace_lpc845/sdks/03_light_control_sdk/devices/LPC845/gcc/startup_LPC845.S.obj
 .debug_line    0x00000b29      0x3e5 CMakeFiles/new_project.elf.dir/C_/Users/DELL/Documents/GitHub/curso-lse/workspace_lpc845/sdks/03_light_control_sdk/devices/LPC845/system_LPC845.c.obj
 .debug_line    0x00000f0e      0xa1a CMakeFiles/new_project.elf.dir/C_/Users/DELL/Documents/GitHub/curso-lse/workspace_lpc845/sdks/03_light_control_sdk/devices/LPC845/drivers/fsl_clock.c.obj
 .debug_line    0x00001928     0x1352 CMakeFiles/new_project.elf.dir/C_/Users/DELL/Documents/GitHub/curso-lse/workspace_lpc845/sdks/03_light_control_sdk/devices/LPC845/drivers/fsl_i2c.c.obj
 .debug_line    0x00002c7a      0xd86 CMakeFiles/new_project.elf.dir/C_/Users/DELL/Documents/GitHub/curso-lse/workspace_lpc845/sdks/03_light_control_sdk/devices/LPC845/drivers/fsl_usart.c.obj
 .debug_line    0x00003a00      0x2a7 CMakeFiles/new_project.elf.dir/C_/Users/DELL/Documents/GitHub/curso-lse/workspace_lpc845/sdks/03_light_control_sdk/devices/LPC845/drivers/fsl_reset.c.obj
 .debug_line    0x00003ca7      0xaff CMakeFiles/new_project.elf.dir/C_/Users/DELL/Documents/GitHub/curso-lse/workspace_lpc845/sdks/03_light_control_sdk/devices/LPC845/drivers/fsl_sctimer.c.obj
 .debug_line    0x000047a6      0x2d1 CMakeFiles/new_project.elf.dir/C_/Users/DELL/Documents/GitHub/curso-lse/workspace_lpc845/sdks/03_light_control_sdk/devices/LPC845/drivers/fsl_swm.c.obj
 .debug_line    0x00004a77      0x142 CMakeFiles/new_project.elf.dir/c4d37973eab7134fad37f7aaf6cab87f/sdks/03_light_control_sdk/devices/LPC845/utilities/debug_console_lite/fsl_assert.c.obj
 .debug_line    0x00004bb9      0x813 CMakeFiles/new_project.elf.dir/c4d37973eab7134fad37f7aaf6cab87f/sdks/03_light_control_sdk/devices/LPC845/utilities/debug_console_lite/fsl_debug_console.c.obj
 .debug_line    0x000053cc      0xb41 CMakeFiles/new_project.elf.dir/C_/Users/DELL/Documents/GitHub/curso-lse/workspace_lpc845/sdks/03_light_control_sdk/devices/LPC845/utilities/str/fsl_str.c.obj
 .debug_line    0x00005f0d       0x44 C:/NXP/MCUXpressoIDE_24.12.148/ide/tools/bin/../lib/gcc/arm-none-eabi/13.2.1/../../../../arm-none-eabi/lib/thumb/v6-m/nofp\libcr_newlib_nohost.a(_exit.o)

.debug_str      0x00000000     0x71ea
 .debug_str     0x00000000     0x71ea CMakeFiles/new_project.elf.dir/C_/Users/DELL/Documents/GitHub/curso-lse/workspace_lpc845/03_light_control/main.c.obj
                               0x22d9 (size before relaxing)
 .debug_str     0x000071ea     0x1019 CMakeFiles/new_project.elf.dir/C_/Users/DELL/Documents/GitHub/curso-lse/workspace_lpc845/03_light_control/clock_config.c.obj
 .debug_str     0x000071ea      0x6b0 CMakeFiles/new_project.elf.dir/C_/Users/DELL/Documents/GitHub/curso-lse/workspace_lpc845/sdks/03_light_control_sdk/devices/LPC845/gcc/startup_LPC845.S.obj
 .debug_str     0x000071ea      0x5c7 CMakeFiles/new_project.elf.dir/C_/Users/DELL/Documents/GitHub/curso-lse/workspace_lpc845/sdks/03_light_control_sdk/devices/LPC845/system_LPC845.c.obj
 .debug_str     0x000071ea     0x187a CMakeFiles/new_project.elf.dir/C_/Users/DELL/Documents/GitHub/curso-lse/workspace_lpc845/sdks/03_light_control_sdk/devices/LPC845/drivers/fsl_clock.c.obj
 .debug_str     0x000071ea     0x26d4 CMakeFiles/new_project.elf.dir/C_/Users/DELL/Documents/GitHub/curso-lse/workspace_lpc845/sdks/03_light_control_sdk/devices/LPC845/drivers/fsl_i2c.c.obj
 .debug_str     0x000071ea     0x248d CMakeFiles/new_project.elf.dir/C_/Users/DELL/Documents/GitHub/curso-lse/workspace_lpc845/sdks/03_light_control_sdk/devices/LPC845/drivers/fsl_usart.c.obj
 .debug_str     0x000071ea      0x8a9 CMakeFiles/new_project.elf.dir/C_/Users/DELL/Documents/GitHub/curso-lse/workspace_lpc845/sdks/03_light_control_sdk/devices/LPC845/drivers/fsl_reset.c.obj
 .debug_str     0x000071ea     0x2436 CMakeFiles/new_project.elf.dir/C_/Users/DELL/Documents/GitHub/curso-lse/workspace_lpc845/sdks/03_light_control_sdk/devices/LPC845/drivers/fsl_sctimer.c.obj
 .debug_str     0x000071ea      0xe28 CMakeFiles/new_project.elf.dir/C_/Users/DELL/Documents/GitHub/curso-lse/workspace_lpc845/sdks/03_light_control_sdk/devices/LPC845/drivers/fsl_swm.c.obj
 .debug_str     0x000071ea      0x28d CMakeFiles/new_project.elf.dir/c4d37973eab7134fad37f7aaf6cab87f/sdks/03_light_control_sdk/devices/LPC845/utilities/debug_console_lite/fsl_assert.c.obj
 .debug_str     0x000071ea     0x1427 CMakeFiles/new_project.elf.dir/c4d37973eab7134fad37f7aaf6cab87f/sdks/03_light_control_sdk/devices/LPC845/utilities/debug_console_lite/fsl_debug_console.c.obj
 .debug_str     0x000071ea      0x6a9 CMakeFiles/new_project.elf.dir/C_/Users/DELL/Documents/GitHub/curso-lse/workspace_lpc845/sdks/03_light_control_sdk/devices/LPC845/utilities/str/fsl_str.c.obj
 .debug_str     0x000071ea      0x1b8 C:/NXP/MCUXpressoIDE_24.12.148/ide/tools/bin/../lib/gcc/arm-none-eabi/13.2.1/../../../../arm-none-eabi/lib/thumb/v6-m/nofp\libcr_newlib_nohost.a(_exit.o)

.comment        0x00000000       0x44
 .comment       0x00000000       0x44 CMakeFiles/new_project.elf.dir/C_/Users/DELL/Documents/GitHub/curso-lse/workspace_lpc845/03_light_control/main.c.obj
                                 0x45 (size before relaxing)
 .comment       0x00000044       0x45 CMakeFiles/new_project.elf.dir/C_/Users/DELL/Documents/GitHub/curso-lse/workspace_lpc845/03_light_control/clock_config.c.obj
 .comment       0x00000044       0x45 CMakeFiles/new_project.elf.dir/C_/Users/DELL/Documents/GitHub/curso-lse/workspace_lpc845/sdks/03_light_control_sdk/devices/LPC845/system_LPC845.c.obj
 .comment       0x00000044       0x45 CMakeFiles/new_project.elf.dir/C_/Users/DELL/Documents/GitHub/curso-lse/workspace_lpc845/sdks/03_light_control_sdk/devices/LPC845/drivers/fsl_clock.c.obj
 .comment       0x00000044       0x45 CMakeFiles/new_project.elf.dir/C_/Users/DELL/Documents/GitHub/curso-lse/workspace_lpc845/sdks/03_light_control_sdk/devices/LPC845/drivers/fsl_i2c.c.obj
 .comment       0x00000044       0x45 CMakeFiles/new_project.elf.dir/C_/Users/DELL/Documents/GitHub/curso-lse/workspace_lpc845/sdks/03_light_control_sdk/devices/LPC845/drivers/fsl_usart.c.obj
 .comment       0x00000044       0x45 CMakeFiles/new_project.elf.dir/C_/Users/DELL/Documents/GitHub/curso-lse/workspace_lpc845/sdks/03_light_control_sdk/devices/LPC845/drivers/fsl_reset.c.obj
 .comment       0x00000044       0x45 CMakeFiles/new_project.elf.dir/C_/Users/DELL/Documents/GitHub/curso-lse/workspace_lpc845/sdks/03_light_control_sdk/devices/LPC845/drivers/fsl_sctimer.c.obj
 .comment       0x00000044       0x45 CMakeFiles/new_project.elf.dir/C_/Users/DELL/Documents/GitHub/curso-lse/workspace_lpc845/sdks/03_light_control_sdk/devices/LPC845/drivers/fsl_swm.c.obj
 .comment       0x00000044       0x45 CMakeFiles/new_project.elf.dir/c4d37973eab7134fad37f7aaf6cab87f/sdks/03_light_control_sdk/devices/LPC845/utilities/debug_console_lite/fsl_assert.c.obj
 .comment       0x00000044       0x45 CMakeFiles/new_project.elf.dir/c4d37973eab7134fad37f7aaf6cab87f/sdks/03_light_control_sdk/devices/LPC845/utilities/debug_console_lite/fsl_debug_console.c.obj
 .comment       0x00000044       0x45 CMakeFiles/new_project.elf.dir/C_/Users/DELL/Documents/GitHub/curso-lse/workspace_lpc845/sdks/03_light_control_sdk/devices/LPC845/utilities/str/fsl_str.c.obj
 .comment       0x00000044       0x45 C:/NXP/MCUXpressoIDE_24.12.148/ide/tools/bin/../lib/gcc/arm-none-eabi/13.2.1/../../../../arm-none-eabi/lib/thumb/v6-m/nofp\libcr_newlib_nohost.a(_exit.o)

.debug_frame    0x00000000     0x1e6c
 .debug_frame   0x00000000       0xb0 CMakeFiles/new_project.elf.dir/C_/Users/DELL/Documents/GitHub/curso-lse/workspace_lpc845/03_light_control/main.c.obj
 .debug_frame   0x000000b0      0x120 CMakeFiles/new_project.elf.dir/C_/Users/DELL/Documents/GitHub/curso-lse/workspace_lpc845/03_light_control/clock_config.c.obj
 .debug_frame   0x000001d0       0x68 CMakeFiles/new_project.elf.dir/C_/Users/DELL/Documents/GitHub/curso-lse/workspace_lpc845/sdks/03_light_control_sdk/devices/LPC845/system_LPC845.c.obj
 .debug_frame   0x00000238      0x3cc CMakeFiles/new_project.elf.dir/C_/Users/DELL/Documents/GitHub/curso-lse/workspace_lpc845/sdks/03_light_control_sdk/devices/LPC845/drivers/fsl_clock.c.obj
 .debug_frame   0x00000604      0x6a4 CMakeFiles/new_project.elf.dir/C_/Users/DELL/Documents/GitHub/curso-lse/workspace_lpc845/sdks/03_light_control_sdk/devices/LPC845/drivers/fsl_i2c.c.obj
 .debug_frame   0x00000ca8      0x43c CMakeFiles/new_project.elf.dir/C_/Users/DELL/Documents/GitHub/curso-lse/workspace_lpc845/sdks/03_light_control_sdk/devices/LPC845/drivers/fsl_usart.c.obj
 .debug_frame   0x000010e4       0x70 CMakeFiles/new_project.elf.dir/C_/Users/DELL/Documents/GitHub/curso-lse/workspace_lpc845/sdks/03_light_control_sdk/devices/LPC845/drivers/fsl_reset.c.obj
 .debug_frame   0x00001154      0x2d4 CMakeFiles/new_project.elf.dir/C_/Users/DELL/Documents/GitHub/curso-lse/workspace_lpc845/sdks/03_light_control_sdk/devices/LPC845/drivers/fsl_sctimer.c.obj
 .debug_frame   0x00001428       0x50 CMakeFiles/new_project.elf.dir/C_/Users/DELL/Documents/GitHub/curso-lse/workspace_lpc845/sdks/03_light_control_sdk/devices/LPC845/drivers/fsl_swm.c.obj
 .debug_frame   0x00001478       0x50 CMakeFiles/new_project.elf.dir/c4d37973eab7134fad37f7aaf6cab87f/sdks/03_light_control_sdk/devices/LPC845/utilities/debug_console_lite/fsl_assert.c.obj
 .debug_frame   0x000014c8      0x190 CMakeFiles/new_project.elf.dir/c4d37973eab7134fad37f7aaf6cab87f/sdks/03_light_control_sdk/devices/LPC845/utilities/debug_console_lite/fsl_debug_console.c.obj
 .debug_frame   0x00001658      0x35c CMakeFiles/new_project.elf.dir/C_/Users/DELL/Documents/GitHub/curso-lse/workspace_lpc845/sdks/03_light_control_sdk/devices/LPC845/utilities/str/fsl_str.c.obj
 .debug_frame   0x000019b4       0x20 C:/NXP/MCUXpressoIDE_24.12.148/ide/tools/bin/../lib/gcc/arm-none-eabi/13.2.1/thumb/v6-m/nofp\libgcc.a(_udivsi3.o)
 .debug_frame   0x000019d4       0x34 C:/NXP/MCUXpressoIDE_24.12.148/ide/tools/bin/../lib/gcc/arm-none-eabi/13.2.1/thumb/v6-m/nofp\libgcc.a(_muldi3.o)
 .debug_frame   0x00001a08       0x28 C:/NXP/MCUXpressoIDE_24.12.148/ide/tools/bin/../lib/gcc/arm-none-eabi/13.2.1/thumb/v6-m/nofp\libgcc.a(_fixunssfsi.o)
 .debug_frame   0x00001a30       0x3c C:/NXP/MCUXpressoIDE_24.12.148/ide/tools/bin/../lib/gcc/arm-none-eabi/13.2.1/thumb/v6-m/nofp\libgcc.a(_udivmoddi4.o)
 .debug_frame   0x00001a6c       0x38 C:/NXP/MCUXpressoIDE_24.12.148/ide/tools/bin/../lib/gcc/arm-none-eabi/13.2.1/thumb/v6-m/nofp\libgcc.a(subsf3.o)
 .debug_frame   0x00001aa4       0x20 C:/NXP/MCUXpressoIDE_24.12.148/ide/tools/bin/../lib/gcc/arm-none-eabi/13.2.1/thumb/v6-m/nofp\libgcc.a(fixsfsi.o)
 .debug_frame   0x00001ac4       0x3c C:/NXP/MCUXpressoIDE_24.12.148/ide/tools/bin/../lib/gcc/arm-none-eabi/13.2.1/thumb/v6-m/nofp\libgcc.a(divdf3.o)
 .debug_frame   0x00001b00       0x2c C:/NXP/MCUXpressoIDE_24.12.148/ide/tools/bin/../lib/gcc/arm-none-eabi/13.2.1/thumb/v6-m/nofp\libgcc.a(floatsidf.o)
 .debug_frame   0x00001b2c       0x30 C:/NXP/MCUXpressoIDE_24.12.148/ide/tools/bin/../lib/gcc/arm-none-eabi/13.2.1/thumb/v6-m/nofp\libgcc.a(truncdfsf2.o)
 .debug_frame   0x00001b5c       0x2c C:/NXP/MCUXpressoIDE_24.12.148/ide/tools/bin/../lib/gcc/arm-none-eabi/13.2.1/thumb/v6-m/nofp\libgcc.a(eqsf2.o)
 .debug_frame   0x00001b88       0x2c C:/NXP/MCUXpressoIDE_24.12.148/ide/tools/bin/../lib/gcc/arm-none-eabi/13.2.1/thumb/v6-m/nofp\libgcc.a(gesf2.o)
 .debug_frame   0x00001bb4       0x2c C:/NXP/MCUXpressoIDE_24.12.148/ide/tools/bin/../lib/gcc/arm-none-eabi/13.2.1/thumb/v6-m/nofp\libgcc.a(lesf2.o)
 .debug_frame   0x00001be0       0x28 C:/NXP/MCUXpressoIDE_24.12.148/ide/tools/bin/../lib/gcc/arm-none-eabi/13.2.1/thumb/v6-m/nofp\libc_nano.a(libc_a-exit.o)
 .debug_frame   0x00001c08       0x78 C:/NXP/MCUXpressoIDE_24.12.148/ide/tools/bin/../lib/gcc/arm-none-eabi/13.2.1/thumb/v6-m/nofp\libc_nano.a(libc_a-strtoul.o)
 .debug_frame   0x00001c80      0x138 C:/NXP/MCUXpressoIDE_24.12.148/ide/tools/bin/../lib/gcc/arm-none-eabi/13.2.1/thumb/v6-m/nofp\libc_nano.a(libc_a-findfp.o)
 .debug_frame   0x00001db8       0x20 C:/NXP/MCUXpressoIDE_24.12.148/ide/tools/bin/../lib/gcc/arm-none-eabi/13.2.1/thumb/v6-m/nofp\libc_nano.a(libc_a-memset.o)
 .debug_frame   0x00001dd8       0x20 C:/NXP/MCUXpressoIDE_24.12.148/ide/tools/bin/../lib/gcc/arm-none-eabi/13.2.1/thumb/v6-m/nofp\libc_nano.a(libc_a-errno.o)
 .debug_frame   0x00001df8       0x2c C:/NXP/MCUXpressoIDE_24.12.148/ide/tools/bin/../lib/gcc/arm-none-eabi/13.2.1/thumb/v6-m/nofp\libc_nano.a(libc_a-init.o)
 .debug_frame   0x00001e24       0x28 C:/NXP/MCUXpressoIDE_24.12.148/ide/tools/bin/../lib/gcc/arm-none-eabi/13.2.1/thumb/v6-m/nofp\libc_nano.a(libc_a-memcpy-stub.o)
 .debug_frame   0x00001e4c       0x20 C:/NXP/MCUXpressoIDE_24.12.148/ide/tools/bin/../lib/gcc/arm-none-eabi/13.2.1/../../../../arm-none-eabi/lib/thumb/v6-m/nofp\libcr_newlib_nohost.a(_exit.o)

.debug_loc      0x00000000       0x15
 .debug_loc     0x00000000       0x15 C:/NXP/MCUXpressoIDE_24.12.148/ide/tools/bin/../lib/gcc/arm-none-eabi/13.2.1/../../../../arm-none-eabi/lib/thumb/v6-m/nofp\libcr_newlib_nohost.a(_exit.o)

.debug_ranges   0x00000000       0x10
 .debug_ranges  0x00000000       0x10 C:/NXP/MCUXpressoIDE_24.12.148/ide/tools/bin/../lib/gcc/arm-none-eabi/13.2.1/../../../../arm-none-eabi/lib/thumb/v6-m/nofp\libcr_newlib_nohost.a(_exit.o)